[LEFT "COMMAND: \"D:\\other_programs\\anaconda3\\envs\\orbit\\python.exe\" \"D:\\claude_projects\\nypc2026\\submit_bot.py\" --weights \"D:\\claude_projects\\nypc2026\\data.bin\" --stochastic"]
[RIGHT "COMMAND: \"D:\\other_programs\\anaconda3\\envs\\orbit\\python.exe\" \"D:\\claude_projects\\nypc2026\\submit_bot.py\" --weights \"D:\\claude_projects\\nypc2026\\data.bin\" --stochastic"]
MAP
81 13
-11282 -9537 -9255 -9240 -9911 -8633 -7714 -9070 -7625 -7356 -7345 -8010 -6340 -6683 -6109 -5134 -5801 -5787 -4981 -3969 -4298 -4291 -3881 -3433 -3386 -3479 -2454 -1963 -2631 -1848 -1538 -3140 -1805 -1646 -740 -1764 -434 52 -300 -752 0 752 300 -52 434 1764 740 1646 1805 3140 1538 1848 2631 1963 2454 3479 3386 3433 3881 4291 4298 3969 4981 5787 5801 5134 6109 6683 6340 8010 7345 7356 7625 9070 7714 8633 9911 9240 9255 9537 11282
-370 143 -941 -2972 2365 -36 -216 6089 3693 4764 1756 -6689 6392 -64 815 1670 -5182 -1851 -7954 -5648 5934 -2728 -1048 -3987 1480 9202 170 -1468 3480 -3965 2015 -8912 5880 -6036 -7116 -10543 5005 -8118 -3127 10681 0 -10681 3127 8118 -5005 10543 7116 6036 -5880 8912 -2015 3965 -3480 1468 -170 -9202 -1480 3987 1048 2728 -5934 5648 7954 1851 5182 -1670 -815 64 -6392 6689 -1756 -4764 -3693 -6089 216 36 -2365 2972 941 -143 370
STRONGHOLDS 8 12 13 18 21 34 40 46 59 62 67 68 72
4 1 2 3 4
4 0 2 4 5
5 0 1 3 5 6
6 0 2 6 11 16 17
6 0 1 5 7 8 10
5 1 2 4 6 10
6 2 3 5 10 13 17
4 4 8 9 12
5 4 7 9 10 15
5 7 8 12 15 20
7 4 5 6 8 13 14 15
3 3 16 18
4 7 9 20 25
5 6 10 14 17 22
4 10 13 15 22
8 8 9 10 14 20 22 24 28
7 3 11 17 18 19 21 23
6 3 6 13 16 21 22
4 11 16 19 31
5 16 18 23 31 33
6 9 12 15 25 28 32
5 16 17 22 23 27
8 13 14 15 17 21 24 26 27
6 16 19 21 27 29 33
5 15 22 26 28 30
5 12 20 32 39 43
5 22 24 27 30 40
7 21 22 23 26 29 38 40
7 15 20 24 30 32 36 42
5 23 27 33 38 44
5 24 26 28 40 42
6 18 19 33 34 35 37
6 20 25 28 36 43 46
6 19 23 29 31 34 44
5 31 33 37 44 48
3 31 37 41
6 28 32 42 46 47 51
6 31 34 35 41 48 55
6 27 29 40 44 50 52
3 25 43 45
8 26 27 30 38 42 50 53 54
3 35 37 55
6 28 30 36 40 51 53
6 25 32 39 45 46 49
6 29 33 34 38 48 52
3 39 43 49
5 32 36 43 47 49
6 36 46 49 51 57 61
6 34 37 44 52 55 60
6 43 45 46 47 61 62
5 38 40 52 54 56
5 36 42 47 53 57
7 38 44 48 50 56 60 65
7 40 42 51 54 57 58 59
5 40 50 53 56 58
5 37 41 48 60 68
5 50 52 54 58 65
6 47 51 53 59 61 64
8 53 54 56 59 63 65 66 67
5 53 57 58 63 64
6 48 52 55 65 68 71
5 47 49 57 62 64
4 49 61 64 69
6 58 59 64 67 74 77
7 57 59 61 62 63 69 77
8 52 56 58 60 66 70 71 72
4 58 65 67 70
5 58 63 66 70 74
4 55 60 71 73
3 62 64 77
7 65 66 67 72 74 75 76
5 60 65 68 72 73
5 65 70 71 73 76
4 68 71 72 76
6 63 67 70 75 77 78
5 70 74 76 78 79
6 70 72 73 75 79 80
6 63 64 69 74 78 80
5 74 75 77 79 80
4 75 76 78 80
4 76 77 78 79
END MAP
TURN 1
COMMAND LEFT START
MOVE A2 8
MOVE A3 8
COMMAND LEFT END
COMMAND RIGHT START
MOVE B2 72
MOVE B3 72
COMMAND RIGHT END
TURN 1 RESULT
TIME LEFT 203 3 RIGHT 203 3
MOVE A2 4
MOVE A3 4
MOVE B2 76
MOVE B3 76
END TURN 1
TURN 2
COMMAND LEFT START
COMMAND LEFT END
COMMAND RIGHT START
COMMAND RIGHT END
TURN 2 RESULT
TIME LEFT 94 3 RIGHT 94 3
MOVE A2 8
MOVE A3 8
MOVE B2 72
MOVE B3 72
END TURN 2
TURN 3
COMMAND LEFT START
MOVE A3 0
UPGRADE 8
COMMAND LEFT END
COMMAND RIGHT START
MOVE B3 80
UPGRADE 72
COMMAND RIGHT END
TURN 3 RESULT
TIME LEFT 78 3 RIGHT 78 3
UPGRADE A 8
UPGRADE B 72
MOVE A3 4
MOVE B3 76
END TURN 3
TURN 4
COMMAND LEFT START
COMMAND LEFT END
COMMAND RIGHT START
COMMAND RIGHT END
TURN 4 RESULT
TIME LEFT 93 3 RIGHT 93 3
MOVE A3 0
MOVE B3 80
END TURN 4
TURN 5
COMMAND LEFT START
MOVE A3 18
COMMAND LEFT END
COMMAND RIGHT START
MOVE B3 62
COMMAND RIGHT END
TURN 5 RESULT
TIME LEFT 94 3 RIGHT 94 3
MOVE A3 3
MOVE B3 77
END TURN 5
TURN 6
COMMAND LEFT START
COMMAND LEFT END
COMMAND RIGHT START
COMMAND RIGHT END
TURN 6 RESULT
TIME LEFT 78 3 RIGHT 78 3
MOVE A3 16
MOVE B3 64
END TURN 6
TURN 7
COMMAND LEFT START
COMMAND LEFT END
COMMAND RIGHT START
COMMAND RIGHT END
TURN 7 RESULT
TIME LEFT 94 3 RIGHT 94 3
MOVE A3 18
MOVE B3 62
END TURN 7
TURN 8
COMMAND LEFT START
UPGRADE 18
COMMAND LEFT END
COMMAND RIGHT START
UPGRADE 62
COMMAND RIGHT END
TURN 8 RESULT
TIME LEFT 78 3 RIGHT 78 3
UPGRADE A 18
UPGRADE B 62
END TURN 8
TURN 9
COMMAND LEFT START
COMMAND LEFT END
COMMAND RIGHT START
COMMAND RIGHT END
TURN 9 RESULT
TIME LEFT 94 3 RIGHT 94 3
END TURN 9
TURN 10
COMMAND LEFT START
COMMAND LEFT END
COMMAND RIGHT START
COMMAND RIGHT END
TURN 10 RESULT
TIME LEFT 94 3 RIGHT 94 3
END TURN 10
TURN 11
COMMAND LEFT START
COMMAND LEFT END
COMMAND RIGHT START
COMMAND RIGHT END
TURN 11 RESULT
TIME LEFT 93 3 RIGHT 93 3
END TURN 11
TURN 12
COMMAND LEFT START
COMMAND LEFT END
COMMAND RIGHT START
COMMAND RIGHT END
TURN 12 RESULT
TIME LEFT 79 3 RIGHT 79 3
END TURN 12
TURN 13
COMMAND LEFT START
COMMAND LEFT END
COMMAND RIGHT START
COMMAND RIGHT END
TURN 13 RESULT
TIME LEFT 78 3 RIGHT 78 3
END TURN 13
TURN 14
COMMAND LEFT START
TRAIN 1
COMMAND LEFT END
COMMAND RIGHT START
TRAIN 1
COMMAND RIGHT END
TURN 14 RESULT
TIME LEFT 93 3 RIGHT 93 3
TRAIN A4 B4
END TURN 14
TURN 15
COMMAND LEFT START
MOVE A4 34
COMMAND LEFT END
COMMAND RIGHT START
MOVE B4 46
COMMAND RIGHT END
TURN 15 RESULT
TIME LEFT 94 3 RIGHT 94 3
MOVE A4 3
MOVE B4 77
END TURN 15
TURN 16
COMMAND LEFT START
COMMAND LEFT END
COMMAND RIGHT START
COMMAND RIGHT END
TURN 16 RESULT
TIME LEFT 94 3 RIGHT 94 3
MOVE A4 16
MOVE B4 64
END TURN 16
TURN 17
COMMAND LEFT START
COMMAND LEFT END
COMMAND RIGHT START
COMMAND RIGHT END
TURN 17 RESULT
TIME LEFT 78 3 RIGHT 78 3
MOVE A4 19
MOVE B4 61
END TURN 17
TURN 18
COMMAND LEFT START
COMMAND LEFT END
COMMAND RIGHT START
COMMAND RIGHT END
TURN 18 RESULT
TIME LEFT 94 3 RIGHT 94 3
MOVE A4 33
MOVE B4 47
END TURN 18
TURN 19
COMMAND LEFT START
COMMAND LEFT END
COMMAND RIGHT START
COMMAND RIGHT END
TURN 19 RESULT
TIME LEFT 78 3 RIGHT 78 3
MOVE A4 34
MOVE B4 46
END TURN 19
TURN 20
COMMAND LEFT START
UPGRADE 34
COMMAND LEFT END
COMMAND RIGHT START
UPGRADE 46
COMMAND RIGHT END
TURN 20 RESULT
TIME LEFT 94 3 RIGHT 94 3
UPGRADE A 34
UPGRADE B 46
END TURN 20
TURN 21
COMMAND LEFT START
COMMAND LEFT END
COMMAND RIGHT START
COMMAND RIGHT END
TURN 21 RESULT
TIME LEFT 93 3 RIGHT 93 3
END TURN 21
TURN 22
COMMAND LEFT START
COMMAND LEFT END
COMMAND RIGHT START
COMMAND RIGHT END
TURN 22 RESULT
TIME LEFT 79 3 RIGHT 79 3
END TURN 22
TURN 23
COMMAND LEFT START
TRAIN 1
COMMAND LEFT END
COMMAND RIGHT START
TRAIN 1
COMMAND RIGHT END
TURN 23 RESULT
TIME LEFT 93 3 RIGHT 93 3
TRAIN A5 B5
END TURN 23
TURN 24
COMMAND LEFT START
MOVE A5 21
COMMAND LEFT END
COMMAND RIGHT START
MOVE B5 59
COMMAND RIGHT END
TURN 24 RESULT
TIME LEFT 94 3 RIGHT 94 3
MOVE A5 1
MOVE B5 79
END TURN 24
TURN 25
COMMAND LEFT START
COMMAND LEFT END
COMMAND RIGHT START
COMMAND RIGHT END
TURN 25 RESULT
TIME LEFT 94 3 RIGHT 94 3
MOVE A5 5
MOVE B5 75
END TURN 25
TURN 26
COMMAND LEFT START
COMMAND LEFT END
COMMAND RIGHT START
COMMAND RIGHT END
TURN 26 RESULT
TIME LEFT 78 3 RIGHT 78 3
MOVE A5 6
MOVE B5 74
END TURN 26
TURN 27
COMMAND LEFT START
COMMAND LEFT END
COMMAND RIGHT START
COMMAND RIGHT END
TURN 27 RESULT
TIME LEFT 94 3 RIGHT 94 3
MOVE A5 17
MOVE B5 63
END TURN 27
TURN 28
COMMAND LEFT START
COMMAND LEFT END
COMMAND RIGHT START
COMMAND RIGHT END
TURN 28 RESULT
TIME LEFT 93 3 RIGHT 78 3
MOVE A5 21
MOVE B5 59
END TURN 28
TURN 29
COMMAND LEFT START
UPGRADE 21
COMMAND LEFT END
COMMAND RIGHT START
UPGRADE 59
COMMAND RIGHT END
TURN 29 RESULT
TIME LEFT 94 3 RIGHT 94 3
UPGRADE A 21
UPGRADE B 59
END TURN 29
TURN 30
COMMAND LEFT START
TRAIN 1
COMMAND LEFT END
COMMAND RIGHT START
TRAIN 1
COMMAND RIGHT END
TURN 30 RESULT
TIME LEFT 78 3 RIGHT 78 3
TRAIN A6 B6
END TURN 30
TURN 31
COMMAND LEFT START
MOVE A6 13
COMMAND LEFT END
COMMAND RIGHT START
MOVE B6 40
COMMAND RIGHT END
TURN 31 RESULT
TIME LEFT 94 3 RIGHT 94 3
MOVE A6 1
MOVE B6 79
END TURN 31
TURN 32
COMMAND LEFT START
COMMAND LEFT END
COMMAND RIGHT START
TRAIN 1
COMMAND RIGHT END
TURN 32 RESULT
TIME LEFT 94 3 RIGHT 94 3
TRAIN B7
MOVE A6 5
MOVE B6 75
END TURN 32
TURN 33
COMMAND LEFT START
COMMAND LEFT END
COMMAND RIGHT START
MOVE B7 67
COMMAND RIGHT END
TURN 33 RESULT
TIME LEFT 78 3 RIGHT 78 3
MOVE A6 6
MOVE B6 74
MOVE B7 79
END TURN 33
TURN 34
COMMAND LEFT START
COMMAND LEFT END
COMMAND RIGHT START
COMMAND RIGHT END
TURN 34 RESULT
TIME LEFT 94 3 RIGHT 94 3
MOVE A6 13
MOVE B6 67
MOVE B7 75
END TURN 34
TURN 35
COMMAND LEFT START
UPGRADE 13
COMMAND LEFT END
COMMAND RIGHT START
COMMAND RIGHT END
TURN 35 RESULT
TIME LEFT 78 3 RIGHT 93 3
UPGRADE A 13
MOVE B6 58
MOVE B7 74
END TURN 35
TURN 36
COMMAND LEFT START
COMMAND LEFT END
COMMAND RIGHT START
COMMAND RIGHT END
TURN 36 RESULT
TIME LEFT 79 3 RIGHT 94 3
MOVE B6 54
MOVE B7 67
END TURN 36
TURN 37
COMMAND LEFT START
TRAIN 1
COMMAND LEFT END
COMMAND RIGHT START
COMMAND RIGHT END
TURN 37 RESULT
TIME LEFT 78 3 RIGHT 78 3
TRAIN A7
MOVE B6 40
END TURN 37
TURN 38
COMMAND LEFT START
MOVE A7 12
COMMAND LEFT END
COMMAND RIGHT START
UPGRADE 67
COMMAND RIGHT END
TURN 38 RESULT
TIME LEFT 94 3 RIGHT 94 3
UPGRADE B 67
MOVE A7 4
END TURN 38
TURN 39
COMMAND LEFT START
COMMAND LEFT END
COMMAND RIGHT START
COMMAND RIGHT END
TURN 39 RESULT
TIME LEFT 94 3 RIGHT 94 3
MOVE A7 8
END TURN 39
TURN 40
COMMAND LEFT START
COMMAND LEFT END
COMMAND RIGHT START
COMMAND RIGHT END
TURN 40 RESULT
TIME LEFT 94 3 RIGHT 94 3
MOVE A7 9
END TURN 40
TURN 41
COMMAND LEFT START
TRAIN 1
COMMAND LEFT END
COMMAND RIGHT START
TRAIN 1
COMMAND RIGHT END
TURN 41 RESULT
TIME LEFT 93 3 RIGHT 93 3
TRAIN A8 B8
MOVE A7 12
END TURN 41
TURN 42
COMMAND LEFT START
MOVE A8 12
COMMAND LEFT END
COMMAND RIGHT START
COMMAND RIGHT END
TURN 42 RESULT
TIME LEFT 78 3 RIGHT 78 3
MOVE A8 4
END TURN 42
TURN 43
COMMAND LEFT START
UPGRADE 12
COMMAND LEFT END
COMMAND RIGHT START
MOVE B8 40
UPGRADE 40
COMMAND RIGHT END
TURN 43 RESULT
TIME LEFT 94 3 RIGHT 94 3
UPGRADE A 12
UPGRADE B 40
MOVE A8 8
MOVE B8 79
END TURN 43
TURN 44
COMMAND LEFT START
COMMAND LEFT END
COMMAND RIGHT START
COMMAND RIGHT END
TURN 44 RESULT
TIME LEFT 78 3 RIGHT 94 3
MOVE A8 9
MOVE B8 75
END TURN 44
TURN 45
COMMAND LEFT START
TRAIN 1
COMMAND LEFT END
COMMAND RIGHT START
TRAIN 1
COMMAND RIGHT END
TURN 45 RESULT
TIME LEFT 78 3 RIGHT 78 3
TRAIN A9 B9
MOVE A8 12
MOVE B8 74
END TURN 45
TURN 46
COMMAND LEFT START
MOVE A8 0
TRAIN 1
COMMAND LEFT END
COMMAND RIGHT START
MOVE B9 72
COMMAND RIGHT END
TURN 46 RESULT
TIME LEFT 94 3 RIGHT 94 3
TRAIN A10
MOVE A8 9
MOVE B8 67
MOVE B9 76
END TURN 46
TURN 47
COMMAND LEFT START
TRAIN 1
COMMAND LEFT END
COMMAND RIGHT START
TRAIN 1
COMMAND RIGHT END
TURN 47 RESULT
TIME LEFT 94 3 RIGHT 78 3
TRAIN A11 B10
MOVE A8 8
MOVE B8 58
MOVE B9 72
END TURN 47
TURN 48
COMMAND LEFT START
MOVE A9 13
MOVE A10 13
MOVE A11 13
COMMAND LEFT END
COMMAND RIGHT START
MOVE B9 40
MOVE B10 40
TRAIN 1
COMMAND RIGHT END
TURN 48 RESULT
TIME LEFT 93 3 RIGHT 93 3
TRAIN B11
MOVE A8 4
MOVE A9 1
MOVE A10 1
MOVE A11 1
MOVE B8 54
MOVE B9 65
MOVE B10 79
END TURN 48
TURN 49
COMMAND LEFT START
TRAIN 1
COMMAND LEFT END
COMMAND RIGHT START
COMMAND RIGHT END
TURN 49 RESULT
TIME LEFT 78 3 RIGHT 94 3
TRAIN A12
MOVE A8 0
MOVE A9 5
MOVE A10 5
MOVE A11 5
MOVE B8 40
MOVE B9 56
MOVE B10 75
END TURN 49
TURN 50
COMMAND LEFT START
MOVE A8 34
MOVE A12 34
TRAIN 1
COMMAND LEFT END
COMMAND RIGHT START
MOVE B8 46
MOVE B11 40
TRAIN 1
COMMAND RIGHT END
TURN 50 RESULT
TIME LEFT 78 3 RIGHT 78 3
TRAIN A13 B12
MOVE A8 3
MOVE A9 6
MOVE A10 6
MOVE A11 6
MOVE A12 3
MOVE B8 42
MOVE B9 54
MOVE B10 74
MOVE B11 79
END TURN 50
TURN 51
COMMAND LEFT START
MOVE A13 12
TRAIN 1
COMMAND LEFT END
COMMAND RIGHT START
MOVE B12 40
TRAIN 1
COMMAND RIGHT END
TURN 51 RESULT
TIME LEFT 94 3 RIGHT 94 3
TRAIN A14 B13
MOVE A8 16
MOVE A9 13
MOVE A10 13
MOVE A11 13
MOVE A12 16
MOVE A13 4
MOVE B8 36
MOVE B9 40
MOVE B10 67
MOVE B11 75
MOVE B12 79
END TURN 51
TURN 52
COMMAND LEFT START
MOVE A14 21
MOVE A9 12
MOVE A10 12
MOVE A11 12
COMMAND LEFT END
COMMAND RIGHT START
TRAIN 1
COMMAND RIGHT END
TURN 52 RESULT
TIME LEFT 94 3 RIGHT 94 3
TRAIN B14
MOVE A8 19
MOVE A9 10
MOVE A10 10
MOVE A11 10
MOVE A12 19
MOVE A13 8
MOVE A14 1
MOVE B8 46
MOVE B10 58
MOVE B11 74
MOVE B12 75
END TURN 52
TURN 53
COMMAND LEFT START
COMMAND LEFT END
COMMAND RIGHT START
MOVE B9 59
MOVE B8 40
MOVE B13 46
MOVE B14 46
TRAIN 1
COMMAND RIGHT END
TURN 53 RESULT
TIME LEFT 78 3 RIGHT 78 3
TRAIN B15
MOVE A8 33
MOVE A9 8
MOVE A10 8
MOVE A11 8
MOVE A12 33
MOVE A13 9
MOVE A14 5
MOVE B8 36
MOVE B9 53
MOVE B10 54
MOVE B11 67
MOVE B12 74
MOVE B13 77
MOVE B14 77
END TURN 53
TURN 54
COMMAND LEFT START
TRAIN 1
COMMAND LEFT END
COMMAND RIGHT START
COMMAND RIGHT END
TURN 54 RESULT
TIME LEFT 94 3 RIGHT 94 3
TRAIN A15
MOVE A8 34
MOVE A9 9
MOVE A10 9
MOVE A11 9
MOVE A12 34
MOVE A13 12
MOVE A14 6
MOVE B8 42
MOVE B9 59
MOVE B10 40
MOVE B11 58
MOVE B12 67
MOVE B13 64
MOVE B14 64
END TURN 54
TURN 55
COMMAND LEFT START
MOVE A15 34
MOVE A13 13
TRAIN 1
COMMAND LEFT END
COMMAND RIGHT START
MOVE B9 40
MOVE B15 72
TRAIN 1
COMMAND RIGHT END
TURN 55 RESULT
TIME LEFT 93 3 RIGHT 93 3
TRAIN A16 B16
MOVE A9 12
MOVE A10 12
MOVE A11 12
MOVE A13 9
MOVE A14 17
MOVE A15 3
MOVE B8 40
MOVE B9 53
MOVE B11 54
MOVE B12 58
MOVE B13 61
MOVE B14 61
MOVE B15 76
END TURN 55
TURN 56
COMMAND LEFT START
MOVE A16 21
MOVE A9 21
MOVE A10 21
MOVE A11 21
COMMAND LEFT END
COMMAND RIGHT START
MOVE B8 46
MOVE B10 46
MOVE B16 46
COMMAND RIGHT END
TURN 56 RESULT
TIME LEFT 94 3 RIGHT 94 3
MOVE A9 9
MOVE A10 9
MOVE A11 9
MOVE A13 8
MOVE A14 21
MOVE A15 16
MOVE A16 1
MOVE B8 42
MOVE B9 40
MOVE B10 42
MOVE B11 40
MOVE B12 54
MOVE B13 47
MOVE B14 47
MOVE B15 72
MOVE B16 77
END TURN 56
TURN 57
COMMAND LEFT START
MOVE A8 21
MOVE A12 21
TRAIN 1
COMMAND LEFT END
COMMAND RIGHT START
MOVE B9 59
MOVE B11 59
TRAIN 1
COMMAND RIGHT END
TURN 57 RESULT
TIME LEFT 78 3 RIGHT 78 3
TRAIN A17 B17
MOVE A8 33
MOVE A9 15
MOVE A10 15
MOVE A11 15
MOVE A12 33
MOVE A13 10
MOVE A15 19
MOVE A16 5
MOVE B8 36
MOVE B9 53
MOVE B10 36
MOVE B11 53
MOVE B12 40
MOVE B13 46
MOVE B14 46
MOVE B16 64
END TURN 57
TURN 58
COMMAND LEFT START
MOVE A17 12
TRAIN 1
COMMAND LEFT END
COMMAND RIGHT START
MOVE B12 46
MOVE B13 40
MOVE B14 40
MOVE B15 40
MOVE B17 40
TRAIN 1
COMMAND RIGHT END
TURN 58 RESULT
TIME LEFT 94 3 RIGHT 94 3
TRAIN A18 B18
MOVE A8 23
MOVE A9 22
MOVE A10 22
MOVE A11 22
MOVE A12 23
MOVE A13 13
MOVE A15 33
MOVE A16 6
MOVE A17 4
MOVE B8 46
MOVE B9 59
MOVE B10 46
MOVE B11 59
MOVE B12 42
MOVE B13 36
MOVE B14 36
MOVE B15 65
MOVE B16 61
MOVE B17 79
END TURN 58
TURN 59
COMMAND LEFT START
MOVE A13 21
COMMAND LEFT END
COMMAND RIGHT START
MOVE B8 40
MOVE B10 40
MOVE B9 40
MOVE B11 40
MOVE B18 40
COMMAND RIGHT END
TURN 59 RESULT
TIME LEFT 78 3 RIGHT 78 3
MOVE A8 21
MOVE A9 21
MOVE A10 21
MOVE A11 21
MOVE A12 21
MOVE A13 17
MOVE A15 34
MOVE A16 17
MOVE A17 8
MOVE B8 36
MOVE B9 53
MOVE B10 36
MOVE B11 53
MOVE B12 36
MOVE B13 42
MOVE B14 42
MOVE B15 56
MOVE B16 47
MOVE B17 75
MOVE B18 79
END TURN 59
TURN 60
COMMAND LEFT START
MOVE A18 18
COMMAND LEFT END
COMMAND RIGHT START
TRAIN 1
COMMAND RIGHT END
TURN 60 RESULT
TIME LEFT 94 3 RIGHT 94 3
TRAIN B19
MOVE A13 21
MOVE A16 21
MOVE A17 9
MOVE A18 3
MOVE B8 42
MOVE B9 40
MOVE B10 42
MOVE B11 40
MOVE B12 46
MOVE B13 40
MOVE B14 40
MOVE B15 54
MOVE B16 46
MOVE B17 74
MOVE B18 75
END TURN 60
TURN 61
COMMAND LEFT START
TRAIN 1
COMMAND LEFT END
COMMAND RIGHT START
MOVE B12 40
MOVE B16 40
MOVE B19 40
COMMAND RIGHT END
TURN 61 RESULT
TIME LEFT 78 3 RIGHT 94 3
TRAIN A19
MOVE A17 12
MOVE A18 16
MOVE B8 40
MOVE B10 40
MOVE B12 36
MOVE B15 40
MOVE B16 36
MOVE B17 67
MOVE B18 74
MOVE B19 79
END TURN 61
TURN 62
COMMAND LEFT START
MOVE A19 18
MOVE A17 21
TRAIN 1
COMMAND LEFT END
COMMAND RIGHT START
MOVE B8 12
MOVE B9 12
MOVE B10 12
MOVE B11 12
MOVE B13 12
MOVE B14 12
MOVE B15 12
COMMAND RIGHT END
TURN 62 RESULT
TIME LEFT 78 3 RIGHT 93 3
TRAIN A20
MOVE A17 9
MOVE A18 18
MOVE A19 3
MOVE B8 30
MOVE B9 30
MOVE B10 30
MOVE B11 30
MOVE B12 42
MOVE B13 30
MOVE B14 30
MOVE B15 30
MOVE B16 42
MOVE B17 58
MOVE B18 67
MOVE B19 75
END TURN 62
TURN 63
COMMAND LEFT START
MOVE A20 8
MOVE A18 8
MOVE A8 67
MOVE A9 67
MOVE A10 67
MOVE A11 67
MOVE A12 67
MOVE A13 67
MOVE A14 67
MOVE A16 67
MOVE A15 18
COMMAND LEFT END
COMMAND RIGHT START
TRAIN 1
COMMAND RIGHT END
TURN 63 RESULT
TIME LEFT 78 3 RIGHT 78 3
TRAIN B20
MOVE A8 27
MOVE A9 27
MOVE A10 27
MOVE A11 27
MOVE A12 27
MOVE A13 27
MOVE A14 27
MOVE A15 31
MOVE A16 27
MOVE A17 15
MOVE A18 16
MOVE A19 16
MOVE A20 4
MOVE B8 28
MOVE B9 28
MOVE B10 28
MOVE B11 28
MOVE B12 40
MOVE B13 28
MOVE B14 28
MOVE B15 28
MOVE B16 40
MOVE B17 54
MOVE B18 58
MOVE B19 74
END TURN 63
TURN 64
COMMAND LEFT START
COMMAND LEFT END
COMMAND RIGHT START
MOVE B20 40
COMMAND RIGHT END
TURN 64 RESULT
TIME LEFT 94 3 RIGHT 94 3
MOVE A8 40
MOVE A9 40
MOVE A10 40
MOVE A11 40
MOVE A12 40
MOVE A13 40
MOVE A14 40
MOVE A15 18
MOVE A16 40
MOVE A17 22
MOVE A18 17
MOVE A19 18
MOVE A20 8
MOVE B8 20
MOVE B9 20
MOVE B10 20
MOVE B11 20
MOVE B13 20
MOVE B14 20
MOVE B15 20
MOVE B17 40
MOVE B18 54
MOVE B19 67
MOVE B20 79
DAMAGE TURRET A8 1
DAMAGE COMBAT A8 3
DAMAGE COMBAT A9 1
DAMAGE COMBAT B6 4
DAMAGE COMBAT B12 4
END TURN 64
TURN 65
COMMAND LEFT START
MOVE A20 40
MOVE A15 40
MOVE A19 40
TRAIN 1
COMMAND LEFT END
COMMAND RIGHT START
MOVE B17 80
COMMAND RIGHT END
TURN 65 RESULT
TIME LEFT 78 3 RIGHT 78 3
TRAIN A21
MOVE A15 19
MOVE A17 21
MOVE A18 13
MOVE A19 19
MOVE A20 15
MOVE B8 12
MOVE B9 12
MOVE B10 12
MOVE B11 12
MOVE B13 12
MOVE B14 12
MOVE B15 12
MOVE B18 40
MOVE B19 58
MOVE B20 75
DAMAGE TURRET A9 1
DAMAGE TURRET B8 1
DAMAGE COMBAT A7 4
DAMAGE COMBAT A9 2
DAMAGE COMBAT A10 1
DAMAGE COMBAT B8 1
DAMAGE COMBAT B16 4
DAMAGE COMBAT B17 3
SIEGE A 12 3
END TURN 65
TURN 66
COMMAND LEFT START
MOVE A21 8
MOVE A17 40
COMMAND LEFT END
COMMAND RIGHT START
COMMAND RIGHT END
TURN 66 RESULT
TIME LEFT 94 3 RIGHT 94 3
MOVE A15 23
MOVE A17 27
MOVE A18 10
MOVE A19 23
MOVE A20 24
MOVE A21 4
MOVE B19 54
MOVE B20 74
DAMAGE TURRET A10 1
DAMAGE TURRET B8 1
DAMAGE COMBAT A10 2
DAMAGE COMBAT B17 1
DAMAGE COMBAT B18 4
SIEGE A 12 3
SIEGE B 40 1
END TURN 66
TURN 67
COMMAND LEFT START
COMMAND LEFT END
COMMAND RIGHT START
MOVE B8 8
MOVE B9 8
MOVE B10 8
MOVE B11 8
MOVE B13 8
MOVE B14 8
MOVE B15 8
TRAIN 1
COMMAND RIGHT END
TURN 67 RESULT
TIME LEFT 94 3 RIGHT 78 3
TRAIN B21
MOVE A11 54
MOVE A12 54
MOVE A13 54
MOVE A14 54
MOVE A15 27
MOVE A16 54
MOVE A17 40
MOVE A18 8
MOVE A19 27
MOVE A20 26
MOVE A21 8
MOVE B8 9
MOVE B9 9
MOVE B10 9
MOVE B11 9
MOVE B13 9
MOVE B14 9
MOVE B15 9
MOVE B19 40
MOVE B20 67
DAMAGE TURRET A17 1
DAMAGE COMBAT A17 1
DAMAGE COMBAT B19 1
END TURN 67
TURN 68
COMMAND LEFT START
MOVE A18 0
MOVE A21 0
MOVE A17 13
COMMAND LEFT END
COMMAND RIGHT START
COMMAND RIGHT END
TURN 68 RESULT
TIME LEFT 78 3 RIGHT 94 3
MOVE A11 58
MOVE A12 58
MOVE A13 58
MOVE A14 58
MOVE A15 40
MOVE A16 58
MOVE A18 4
MOVE A19 40
MOVE A20 40
MOVE A21 4
MOVE B8 8
MOVE B9 8
MOVE B10 8
MOVE B11 8
MOVE B13 8
MOVE B14 8
MOVE B15 8
MOVE B20 58
DAMAGE TURRET A17 1
DAMAGE TURRET B8 1
DAMAGE COMBAT A2 4
DAMAGE COMBAT A11 1
DAMAGE COMBAT A17 1
DAMAGE COMBAT B9 1
DAMAGE COMBAT B19 3
DAMAGE COMBAT B20 4
SIEGE A 8 3
SIEGE B 40 1
END TURN 68
TURN 69
COMMAND LEFT START
COMMAND LEFT END
COMMAND RIGHT START
MOVE B9 0
MOVE B10 0
MOVE B11 0
MOVE B13 0
MOVE B14 0
MOVE B15 0
MOVE B21 72
TRAIN 1
COMMAND RIGHT END
TURN 69 RESULT
TIME LEFT 78 3 RIGHT 78 3
TRAIN B22
MOVE A11 67
MOVE A12 67
MOVE A13 67
MOVE A14 67
MOVE A16 67
MOVE A18 0
MOVE A21 0
MOVE B9 4
MOVE B10 4
MOVE B11 4
MOVE B13 4
MOVE B14 4
MOVE B15 4
MOVE B21 76
DAMAGE TURRET A11 1
DAMAGE TURRET A15 1
DAMAGE COMBAT A11 1
DAMAGE COMBAT B7 4
SIEGE B 40 3
SIEGE B 67 1
END TURN 69
TURN 70
COMMAND LEFT START
TRAIN 1
COMMAND LEFT END
COMMAND RIGHT START
MOVE B22 62
COMMAND RIGHT END
TURN 70 RESULT
TIME LEFT 93 3 RIGHT 93 3
TRAIN A22
MOVE B9 0
MOVE B10 0
MOVE B11 0
MOVE B13 0
MOVE B14 0
MOVE B15 0
MOVE B21 72
MOVE B22 77
DAMAGE TURRET A11 1
DAMAGE TURRET A15 1
DAMAGE TURRET B9 1
DAMAGE COMBAT A1 4
DAMAGE COMBAT A18 2
DAMAGE COMBAT B9 2
DAMAGE COMBAT B10 2
SIEGE B 40 1
SIEGE B 67 5
END TURN 70
TURN 71
COMMAND LEFT START
MOVE A12 72
MOVE A13 72
MOVE A14 72
MOVE A16 72
TRAIN 1
COMMAND LEFT END
COMMAND RIGHT START
MOVE B21 62
COMMAND RIGHT END
TURN 71 RESULT
TIME LEFT 94 3 RIGHT 94 3
TRAIN A23
MOVE A12 70
MOVE A13 70
MOVE A14 70
MOVE A16 70
MOVE B21 70
MOVE B22 64
DAMAGE TURRET B10 1
DAMAGE COMBAT A12 1
DAMAGE COMBAT A18 2
DAMAGE COMBAT A21 3
DAMAGE COMBAT B10 1
DAMAGE COMBAT B11 3
DAMAGE COMBAT B21 4
END TURN 71
TURN 72
COMMAND LEFT START
MOVE A15 59
MOVE A19 59
MOVE A20 59
COMMAND LEFT END
COMMAND RIGHT START
TRAIN 1
COMMAND RIGHT END
TURN 72 RESULT
TIME LEFT 78 3 RIGHT 94 3
TRAIN B23
MOVE A12 72
MOVE A13 72
MOVE A14 72
MOVE A15 53
MOVE A16 72
MOVE A19 53
MOVE A20 53
MOVE B22 62
DAMAGE TURRET A12 1
DAMAGE TURRET B11 1
DAMAGE COMBAT A12 1
DAMAGE COMBAT A21 1
DAMAGE COMBAT A22 3
DAMAGE COMBAT B2 4
DAMAGE COMBAT B13 3
END TURN 72
TURN 73
COMMAND LEFT START
TRAIN 1
COMMAND LEFT END
COMMAND RIGHT START
MOVE B22 59
MOVE B23 72
TRAIN 1
COMMAND RIGHT END
TURN 73 RESULT
TIME LEFT 78 3 RIGHT 94 3
TRAIN A24 B24
MOVE A15 59
MOVE A19 59
MOVE A20 59
MOVE B22 64
MOVE B23 76
DAMAGE TURRET A12 1
DAMAGE TURRET A15 1
DAMAGE TURRET B13 1
DAMAGE COMBAT A15 1
DAMAGE COMBAT A22 1
DAMAGE COMBAT A23 2
DAMAGE COMBAT B5 3
DAMAGE COMBAT B14 3
SIEGE B 72 4
END TURN 73
TURN 74
COMMAND LEFT START
MOVE A24 8
MOVE A19 72
MOVE A20 72
COMMAND LEFT END
COMMAND RIGHT START
MOVE B14 72
MOVE B15 72
MOVE B24 72
COMMAND RIGHT END
TURN 74 RESULT
TIME LEFT 93 3 RIGHT 78 3
MOVE B22 59
MOVE B23 72
MOVE B24 76
DAMAGE TURRET A13 1
DAMAGE TURRET A19 1
DAMAGE TURRET B14 1
DAMAGE COMBAT A13 1
DAMAGE COMBAT A19 2
DAMAGE COMBAT A23 2
DAMAGE COMBAT B5 1
DAMAGE COMBAT B15 2
DAMAGE COMBAT B22 1
DAMAGE COMBAT B23 3
END TURN 74
TURN 75
COMMAND LEFT START
COMMAND LEFT END
COMMAND RIGHT START
TRAIN 1
COMMAND RIGHT END
TURN 75 RESULT
TIME LEFT 79 3 RIGHT 79 3
TRAIN B25
MOVE B24 72
DAMAGE TURRET A13 1
DAMAGE TURRET A19 1
DAMAGE TURRET B15 1
DAMAGE COMBAT A13 1
DAMAGE COMBAT A14 1
DAMAGE COMBAT A20 1
DAMAGE COMBAT A24 1
DAMAGE COMBAT B15 1
DAMAGE COMBAT B22 2
DAMAGE COMBAT B23 1
DAMAGE COMBAT B24 2
END TURN 75
TURN 76
COMMAND LEFT START
TRAIN 1
COMMAND LEFT END
COMMAND RIGHT START
MOVE B25 72
COMMAND RIGHT END
TURN 76 RESULT
TIME LEFT 93 3 RIGHT 93 3
TRAIN A25
MOVE A24 4
MOVE B25 76
DAMAGE TURRET A14 1
DAMAGE TURRET A20 1
DAMAGE COMBAT A14 1
DAMAGE COMBAT A20 1
DAMAGE COMBAT B22 1
DAMAGE COMBAT B24 2
END TURN 76
TURN 77
COMMAND LEFT START
COMMAND LEFT END
COMMAND RIGHT START
TRAIN 1
COMMAND RIGHT END
TURN 77 RESULT
TIME LEFT 78 3 RIGHT 78 3
TRAIN B26
MOVE A20 63
MOVE A24 8
MOVE B25 72
DAMAGE TURRET A14 1
DAMAGE COMBAT A16 1
DAMAGE COMBAT B25 2
END TURN 77
TURN 78
COMMAND LEFT START
MOVE A16 18
COMMAND LEFT END
COMMAND RIGHT START
MOVE B26 59
COMMAND RIGHT END
TURN 78 RESULT
TIME LEFT 94 3 RIGHT 94 3
MOVE A20 67
MOVE B26 79
DAMAGE TURRET A16 1
DAMAGE COMBAT A16 1
DAMAGE COMBAT B25 1
END TURN 78
TURN 79
COMMAND LEFT START
TRAIN 1
COMMAND LEFT END
COMMAND RIGHT START
COMMAND RIGHT END
TURN 79 RESULT
TIME LEFT 94 3 RIGHT 94 3
TRAIN A26
MOVE A20 70
MOVE B26 75
DAMAGE TURRET A16 1
DAMAGE COMBAT B25 1
END TURN 79
TURN 80
COMMAND LEFT START
TRAIN 1
COMMAND LEFT END
COMMAND RIGHT START
TRAIN 1
COMMAND RIGHT END
TURN 80 RESULT
TIME LEFT 78 3 RIGHT 94 3
TRAIN A27 B27
MOVE A20 72
MOVE B26 74
DAMAGE TURRET A20 1
SIEGE B 72 1
END TURN 80
TURN 81
COMMAND LEFT START
TRAIN 1
COMMAND LEFT END
COMMAND RIGHT START
COMMAND RIGHT END
TURN 81 RESULT
TIME LEFT 78 3 RIGHT 78 3
TRAIN A28
MOVE B26 63
END TURN 81
TURN 82
COMMAND LEFT START
COMMAND LEFT END
COMMAND RIGHT START
MOVE B27 72
COMMAND RIGHT END
TURN 82 RESULT
TIME LEFT 94 3 RIGHT 94 3
MOVE B26 59
MOVE B27 76
END TURN 82
TURN 83
COMMAND LEFT START
TRAIN 1
COMMAND LEFT END
COMMAND RIGHT START
TRAIN 1
COMMAND RIGHT END
TURN 83 RESULT
TIME LEFT 93 3 RIGHT 93 3
TRAIN A29 B28
MOVE B27 72
END TURN 83
TURN 84
COMMAND LEFT START
MOVE A26 34
MOVE A27 34
MOVE A28 34
MOVE A29 34
TRAIN 1
COMMAND LEFT END
COMMAND RIGHT START
MOVE B28 59
COMMAND RIGHT END
TURN 84 RESULT
TIME LEFT 94 3 RIGHT 94 3
TRAIN A30
MOVE A26 3
MOVE A27 3
MOVE A28 3
MOVE A29 3
MOVE B28 79
END TURN 84
TURN 85
COMMAND LEFT START
COMMAND LEFT END
COMMAND RIGHT START
COMMAND RIGHT END
TURN 85 RESULT
TIME LEFT 78 3 RIGHT 78 3
MOVE A26 16
MOVE A27 16
MOVE A28 16
MOVE A29 16
MOVE B28 75
END TURN 85
TURN 86
COMMAND LEFT START
MOVE A30 34
COMMAND LEFT END
COMMAND RIGHT START
TRAIN 1
COMMAND RIGHT END
TURN 86 RESULT
TIME LEFT 94 3 RIGHT 94 3
TRAIN B29
MOVE A26 19
MOVE A27 19
MOVE A28 19
MOVE A29 19
MOVE A30 3
MOVE B28 74
END TURN 86
TURN 87
COMMAND LEFT START
TRAIN 1
COMMAND LEFT END
COMMAND RIGHT START
MOVE B29 72
COMMAND RIGHT END
TURN 87 RESULT
TIME LEFT 94 3 RIGHT 94 3
TRAIN A31
MOVE A26 33
MOVE A27 33
MOVE A28 33
MOVE A29 33
MOVE A30 16
MOVE B28 63
MOVE B29 76
END TURN 87
TURN 88
COMMAND LEFT START
TRAIN 1
COMMAND LEFT END
COMMAND RIGHT START
COMMAND RIGHT END
TURN 88 RESULT
TIME LEFT 78 3 RIGHT 78 3
TRAIN A32
MOVE A26 34
MOVE A27 34
MOVE A28 34
MOVE A29 34
MOVE A30 19
MOVE B28 59
MOVE B29 72
END TURN 88
TURN 89
COMMAND LEFT START
MOVE A26 72
MOVE A27 72
MOVE A28 72
MOVE A29 72
COMMAND LEFT END
COMMAND RIGHT START
MOVE B28 72
MOVE B29 80
TRAIN 1
COMMAND RIGHT END
TURN 89 RESULT
TIME LEFT 94 3 RIGHT 94 3
TRAIN B30
MOVE A26 48
MOVE A27 48
MOVE A28 48
MOVE A29 48
MOVE A30 33
MOVE B28 63
MOVE B29 76
END TURN 89
TURN 90
COMMAND LEFT START
MOVE A31 40
MOVE A32 40
COMMAND LEFT END
COMMAND RIGHT START
MOVE B30 72
TRAIN 1
COMMAND RIGHT END
TURN 90 RESULT
TIME LEFT 78 3 RIGHT 78 3
TRAIN B31
MOVE A26 60
MOVE A27 60
MOVE A28 60
MOVE A29 60
MOVE A30 34
MOVE A31 1
MOVE A32 1
MOVE B28 67
MOVE B29 80
MOVE B30 76
END TURN 90
TURN 91
COMMAND LEFT START
MOVE A30 72
COMMAND LEFT END
COMMAND RIGHT START
MOVE B29 72
MOVE B31 72
COMMAND RIGHT END
TURN 91 RESULT
TIME LEFT 93 3 RIGHT 93 3
MOVE A26 71
MOVE A27 71
MOVE A28 71
MOVE A29 71
MOVE A30 48
MOVE A31 5
MOVE A32 5
MOVE B28 70
MOVE B29 76
MOVE B30 72
MOVE B31 76
END TURN 91
TURN 92
COMMAND LEFT START
TRAIN 1
COMMAND LEFT END
COMMAND RIGHT START
TRAIN 1
COMMAND RIGHT END
TURN 92 RESULT
TIME LEFT 94 3 RIGHT 94 3
TRAIN A33 B32
MOVE A26 72
MOVE A27 72
MOVE A28 72
MOVE A29 72
MOVE A30 60
MOVE A31 6
MOVE A32 6
MOVE B28 72
MOVE B29 72
MOVE B31 72
DAMAGE TURRET A26 1
DAMAGE COMBAT A26 3
DAMAGE COMBAT A27 2
DAMAGE COMBAT B27 4
END TURN 92
TURN 93
COMMAND LEFT START
MOVE A33 8
MOVE A27 13
MOVE A28 13
MOVE A29 13
TRAIN 1
COMMAND LEFT END
COMMAND RIGHT START
MOVE B32 72
TRAIN 1
COMMAND RIGHT END
TURN 93 RESULT
TIME LEFT 94 3 RIGHT 94 3
TRAIN A34 B33
MOVE A30 71
MOVE A31 13
MOVE A32 13
MOVE A33 4
MOVE B32 76
DAMAGE TURRET A27 1
DAMAGE COMBAT A27 1
DAMAGE COMBAT A28 3
DAMAGE COMBAT B28 3
END TURN 93
TURN 94
COMMAND LEFT START
MOVE A34 8
COMMAND LEFT END
COMMAND RIGHT START
MOVE B33 72
COMMAND RIGHT END
TURN 94 RESULT
TIME LEFT 78 3 RIGHT 78 3
MOVE A30 72
MOVE A31 22
MOVE A32 22
MOVE A33 8
MOVE A34 4
MOVE B32 72
MOVE B33 76
DAMAGE TURRET A28 1
DAMAGE COMBAT A29 4
DAMAGE COMBAT A30 1
DAMAGE COMBAT B28 1
DAMAGE COMBAT B29 2
END TURN 94
TURN 95
COMMAND LEFT START
MOVE A33 13
MOVE A30 34
COMMAND LEFT END
COMMAND RIGHT START
MOVE B30 34
MOVE B31 34
MOVE B32 34
COMMAND RIGHT END
TURN 95 RESULT
TIME LEFT 94 3 RIGHT 94 3
MOVE A31 26
MOVE A32 26
MOVE A33 10
MOVE A34 8
MOVE B33 72
DAMAGE TURRET A30 1
DAMAGE COMBAT A30 2
DAMAGE COMBAT B29 1
END TURN 95
TURN 96
COMMAND LEFT START
MOVE A34 12
COMMAND LEFT END
COMMAND RIGHT START
MOVE B33 34
TRAIN 1
COMMAND RIGHT END
TURN 96 RESULT
TIME LEFT 78 3 RIGHT 94 3
TRAIN B34
MOVE A31 40
MOVE A32 40
MOVE A33 13
MOVE A34 9
MOVE B30 71
MOVE B31 71
MOVE B32 71
MOVE B33 71
END TURN 96
TURN 97
COMMAND LEFT START
MOVE A33 34
MOVE A31 34
MOVE A32 34
COMMAND LEFT END
COMMAND RIGHT START
MOVE B34 59
COMMAND RIGHT END
TURN 97 RESULT
TIME LEFT 78 3 RIGHT 93 3
MOVE A31 38
MOVE A32 38
MOVE A33 17
MOVE A34 12
MOVE B30 60
MOVE B31 60
MOVE B32 60
MOVE B33 60
MOVE B34 79
END TURN 97
TURN 98
COMMAND LEFT START
UPGRADE 12
COMMAND LEFT END
COMMAND RIGHT START
TRAIN 1
COMMAND RIGHT END
TURN 98 RESULT
TIME LEFT 94 3 RIGHT 94 3
UPGRADE A 12
TRAIN B35
MOVE A31 44
MOVE A32 44
MOVE A33 21
MOVE B30 48
MOVE B31 48
MOVE B32 48
MOVE B33 48
MOVE B34 75
END TURN 98
TURN 99
COMMAND LEFT START
TRAIN 1
COMMAND LEFT END
COMMAND RIGHT START
MOVE B35 72
COMMAND RIGHT END
TURN 99 RESULT
TIME LEFT 78 3 RIGHT 78 3
TRAIN A35
MOVE A31 34
MOVE A32 34
MOVE A33 23
MOVE B30 34
MOVE B31 34
MOVE B32 34
MOVE B33 34
MOVE B34 74
MOVE B35 76
DAMAGE TURRET B30 1
DAMAGE COMBAT A4 4
DAMAGE COMBAT B30 3
END TURN 99
TURN 100
COMMAND LEFT START
MOVE A35 34
TRAIN 1
COMMAND LEFT END
COMMAND RIGHT START
TRAIN 1
COMMAND RIGHT END
TURN 100 RESULT
TIME LEFT 94 3 RIGHT 94 3
TRAIN A36 B36
MOVE A33 33
MOVE A35 3
MOVE B34 63
MOVE B35 72
DAMAGE TURRET B31 1
DAMAGE COMBAT A31 3
DAMAGE COMBAT B31 2
END TURN 100
TURN 101
COMMAND LEFT START
MOVE A36 34
COMMAND LEFT END
COMMAND RIGHT START
MOVE B35 59
COMMAND RIGHT END
TURN 101 RESULT
TIME LEFT 94 3 RIGHT 94 3
MOVE A33 34
MOVE A35 16
MOVE A36 3
MOVE B34 59
MOVE B35 70
DAMAGE TURRET B31 1
DAMAGE COMBAT A31 1
DAMAGE COMBAT A32 2
DAMAGE COMBAT B32 3
END TURN 101
TURN 102
COMMAND LEFT START
MOVE A33 21
TRAIN 1
COMMAND LEFT END
COMMAND RIGHT START
MOVE B34 62
MOVE B36 62
COMMAND RIGHT END
TURN 102 RESULT
TIME LEFT 93 3 RIGHT 93 3
TRAIN A37
MOVE A35 19
MOVE A36 16
MOVE B34 64
MOVE B35 67
MOVE B36 77
DAMAGE TURRET B32 1
DAMAGE COMBAT A32 2
DAMAGE COMBAT B33 2
END TURN 102
TURN 103
COMMAND LEFT START
TRAIN 1
COMMAND LEFT END
COMMAND RIGHT START
MOVE B33 72
COMMAND RIGHT END
TURN 103 RESULT
TIME LEFT 79 3 RIGHT 79 3
TRAIN A38
MOVE A35 33
MOVE A36 19
MOVE B34 62
MOVE B35 63
MOVE B36 64
DAMAGE TURRET B33 1
DAMAGE COMBAT A33 1
DAMAGE COMBAT B33 1
END TURN 103
TURN 104
COMMAND LEFT START
COMMAND LEFT END
COMMAND RIGHT START
MOVE B34 80
COMMAND RIGHT END
TURN 104 RESULT
TIME LEFT 93 3 RIGHT 93 3
MOVE A33 33
MOVE A35 34
MOVE A36 33
MOVE B34 64
MOVE B35 59
MOVE B36 62
END TURN 104
TURN 105
COMMAND LEFT START
TRAIN 1
COMMAND LEFT END
COMMAND RIGHT START
MOVE B35 67
COMMAND RIGHT END
TURN 105 RESULT
TIME LEFT 78 3 RIGHT 94 3
TRAIN A39
MOVE A33 23
MOVE A36 34
MOVE B34 77
MOVE B35 63
END TURN 105
TURN 106
COMMAND LEFT START
MOVE A37 12
MOVE A38 12
MOVE A39 12
TRAIN 1
COMMAND LEFT END
COMMAND RIGHT START
MOVE B36 46
COMMAND RIGHT END
TURN 106 RESULT
TIME LEFT 78 3 RIGHT 78 3
TRAIN A40
MOVE A33 21
MOVE A37 4
MOVE A38 4
MOVE A39 4
MOVE B34 80
MOVE B35 67
MOVE B36 49
END TURN 106
TURN 107
COMMAND LEFT START
MOVE A40 34
MOVE A5 12
MOVE A36 12
COMMAND LEFT END
COMMAND RIGHT START
MOVE B34 46
UPGRADE 67
COMMAND RIGHT END
TURN 107 RESULT
TIME LEFT 78 3 RIGHT 78 3
UPGRADE B 67
MOVE A5 22
MOVE A36 33
MOVE A37 8
MOVE A38 8
MOVE A39 8
MOVE A40 3
MOVE B34 77
MOVE B36 46
END TURN 107
TURN 108
COMMAND LEFT START
TRAIN 1
COMMAND LEFT END
COMMAND RIGHT START
TRAIN 1
COMMAND RIGHT END
TURN 108 RESULT
TIME LEFT 94 3 RIGHT 94 3
TRAIN A41 B37
MOVE A5 15
MOVE A36 23
MOVE A37 9
MOVE A38 9
MOVE A39 9
MOVE A40 16
MOVE B34 64
END TURN 108
TURN 109
COMMAND LEFT START
MOVE A41 12
TRAIN 1
COMMAND LEFT END
COMMAND RIGHT START
MOVE B36 62
MOVE B37 46
TRAIN 1
COMMAND RIGHT END
TURN 109 RESULT
TIME LEFT 78 3 RIGHT 78 3
TRAIN A42 B38
MOVE A5 9
MOVE A36 21
MOVE A37 12
MOVE A38 12
MOVE A39 12
MOVE A40 19
MOVE A41 4
MOVE B34 61
MOVE B36 49
MOVE B37 77
END TURN 109
TURN 110
COMMAND LEFT START
MOVE A42 12
COMMAND LEFT END
COMMAND RIGHT START
MOVE B38 46
COMMAND RIGHT END
TURN 110 RESULT
TIME LEFT 94 3 RIGHT 94 3
MOVE A5 12
MOVE A36 22
MOVE A40 33
MOVE A41 8
MOVE A42 4
MOVE B34 47
MOVE B36 62
MOVE B37 64
MOVE B38 77
END TURN 110
TURN 111
COMMAND LEFT START
TRAIN 1
COMMAND LEFT END
COMMAND RIGHT START
MOVE B36 46
TRAIN 1
COMMAND RIGHT END
TURN 111 RESULT
TIME LEFT 78 3 RIGHT 78 3
TRAIN A43 B39
MOVE A36 15
MOVE A40 34
MOVE A41 9
MOVE A42 8
MOVE B34 46
MOVE B36 49
MOVE B37 61
MOVE B38 64
END TURN 111
TURN 112
COMMAND LEFT START
MOVE A43 12
TRAIN 1
COMMAND LEFT END
COMMAND RIGHT START
MOVE B39 62
COMMAND RIGHT END
TURN 112 RESULT
TIME LEFT 93 3 RIGHT 93 3
TRAIN A44
MOVE A36 9
MOVE A41 12
MOVE A42 9
MOVE A43 4
MOVE B36 46
MOVE B37 47
MOVE B38 61
MOVE B39 77
END TURN 112
TURN 113
COMMAND LEFT START
MOVE A44 12
MOVE A40 12
COMMAND LEFT END
COMMAND RIGHT START
COMMAND RIGHT END
TURN 113 RESULT
TIME LEFT 94 3 RIGHT 94 3
MOVE A36 12
MOVE A40 33
MOVE A42 12
MOVE A43 8
MOVE A44 4
MOVE B37 46
MOVE B38 47
MOVE B39 64
END TURN 113
TURN 114
COMMAND LEFT START
MOVE A34 67
MOVE A36 67
MOVE A37 67
MOVE A38 67
MOVE A39 67
MOVE A41 67
MOVE A42 67
COMMAND LEFT END
COMMAND RIGHT START
TRAIN 1
COMMAND RIGHT END
TURN 114 RESULT
TIME LEFT 94 3 RIGHT 78 3
TRAIN B40
MOVE A34 20
MOVE A36 20
MOVE A37 20
MOVE A38 20
MOVE A39 20
MOVE A40 23
MOVE A41 20
MOVE A42 20
MOVE A43 9
MOVE A44 8
MOVE B38 46
MOVE B39 62
END TURN 114
TURN 115
COMMAND LEFT START
TRAIN 1
COMMAND LEFT END
COMMAND RIGHT START
MOVE B39 46
MOVE B40 62
TRAIN 1
COMMAND RIGHT END
TURN 115 RESULT
TIME LEFT 78 3 RIGHT 78 3
TRAIN A45 B41
MOVE A34 28
MOVE A36 28
MOVE A37 28
MOVE A38 28
MOVE A39 28
MOVE A40 21
MOVE A41 28
MOVE A42 28
MOVE A43 12
MOVE A44 9
MOVE B39 49
MOVE B40 77
END TURN 115
TURN 116
COMMAND LEFT START
MOVE A45 12
MOVE A43 67
COMMAND LEFT END
COMMAND RIGHT START
MOVE B34 59
MOVE B36 59
MOVE B37 59
MOVE B38 59
MOVE B41 62
COMMAND RIGHT END
TURN 116 RESULT
TIME LEFT 94 3 RIGHT 78 3
MOVE A34 42
MOVE A36 42
MOVE A37 42
MOVE A38 42
MOVE A39 42
MOVE A40 22
MOVE A41 42
MOVE A42 42
MOVE A43 20
MOVE A44 12
MOVE A45 4
MOVE B34 47
MOVE B36 47
MOVE B37 47
MOVE B38 47
MOVE B39 46
MOVE B40 64
MOVE B41 77
END TURN 116
TURN 117
COMMAND LEFT START
MOVE A44 67
TRAIN 1
COMMAND LEFT END
COMMAND RIGHT START
MOVE B39 59
COMMAND RIGHT END
TURN 117 RESULT
TIME LEFT 94 3 RIGHT 78 3
TRAIN A46
MOVE A34 53
MOVE A36 53
MOVE A37 53
MOVE A38 53
MOVE A39 53
MOVE A40 15
MOVE A41 53
MOVE A42 53
MOVE A43 28
MOVE A44 20
MOVE A45 8
MOVE B34 57
MOVE B36 57
MOVE B37 57
MOVE B38 57
MOVE B39 47
MOVE B40 62
MOVE B41 64
END TURN 117
TURN 118
COMMAND LEFT START
MOVE A46 34
COMMAND LEFT END
COMMAND RIGHT START
MOVE B40 59
TRAIN 1
COMMAND RIGHT END
TURN 118 RESULT
TIME LEFT 78 3 RIGHT 78 3
TRAIN B42
MOVE A34 58
MOVE A36 58
MOVE A37 58
MOVE A38 58
MOVE A39 58
MOVE A40 9
MOVE A41 58
MOVE A42 58
MOVE A43 42
MOVE A44 28
MOVE A45 9
MOVE A46 3
MOVE B34 59
MOVE B36 59
MOVE B37 59
MOVE B38 59
MOVE B39 57
MOVE B40 64
MOVE B41 62
END TURN 118
TURN 119
COMMAND LEFT START
COMMAND LEFT END
COMMAND RIGHT START
MOVE B34 62
MOVE B36 62
MOVE B37 62
MOVE B38 62
MOVE B41 59
COMMAND RIGHT END
TURN 119 RESULT
TIME LEFT 78 3 RIGHT 78 3
MOVE A34 67
MOVE A36 67
MOVE A37 67
MOVE A38 67
MOVE A39 67
MOVE A40 12
MOVE A41 67
MOVE A42 67
MOVE A43 53
MOVE A44 42
MOVE A45 12
MOVE A46 16
MOVE B34 64
MOVE B36 64
MOVE B37 64
MOVE B38 64
MOVE B39 59
MOVE B40 59
MOVE B41 64
DAMAGE TURRET A34 1
DAMAGE COMBAT A34 1
DAMAGE COMBAT B35 4
SIEGE B 67 3
END TURN 119
TURN 120
COMMAND LEFT START
MOVE A40 59
MOVE A45 59
TRAIN 1
COMMAND LEFT END
COMMAND RIGHT START
MOVE B39 80
MOVE B40 80
COMMAND RIGHT END
TURN 120 RESULT
TIME LEFT 94 3 RIGHT 94 3
TRAIN A47
MOVE A40 20
MOVE A43 58
MOVE A44 53
MOVE A45 20
MOVE A46 19
MOVE B34 62
MOVE B36 62
MOVE B37 62
MOVE B38 62
MOVE B39 63
MOVE B40 63
MOVE B41 59
DAMAGE TURRET A34 1
SIEGE B 67 3
END TURN 120
TURN 121
COMMAND LEFT START
MOVE A47 59
COMMAND LEFT END
COMMAND RIGHT START
MOVE B34 59
MOVE B36 59
MOVE B37 59
MOVE B38 59
TRAIN 1
COMMAND RIGHT END
TURN 121 RESULT
TIME LEFT 94 3 RIGHT 94 3
TRAIN B43
MOVE A40 32
MOVE A43 67
MOVE A44 58
MOVE A45 32
MOVE A46 33
MOVE A47 1
MOVE B34 64
MOVE B36 64
MOVE B37 64
MOVE B38 64
MOVE B39 74
MOVE B40 74
END TURN 121
TURN 122
COMMAND LEFT START
MOVE A34 59
MOVE A36 59
MOVE A37 59
MOVE A38 59
MOVE A39 59
MOVE A41 59
MOVE A42 59
MOVE A43 59
TRAIN 1
COMMAND LEFT END
COMMAND RIGHT START
MOVE B41 80
MOVE B42 62
MOVE B43 62
COMMAND RIGHT END
TURN 122 RESULT
TIME LEFT 78 3 RIGHT 78 3
TRAIN A48
MOVE A34 63
MOVE A36 63
MOVE A37 63
MOVE A38 63
MOVE A39 63
MOVE A40 36
MOVE A41 63
MOVE A42 63
MOVE A43 63
MOVE A44 67
MOVE A45 36
MOVE A46 34
MOVE A47 5
MOVE B34 59
MOVE B36 59
MOVE B37 59
MOVE B38 59
MOVE B39 75
MOVE B40 75
MOVE B41 63
MOVE B42 77
MOVE B43 77
DAMAGE COMBAT A34 1
DAMAGE COMBAT B41 4
END TURN 122
TURN 123
COMMAND LEFT START
MOVE A48 34
MOVE A46 59
MOVE A44 59
COMMAND LEFT END
COMMAND RIGHT START
COMMAND RIGHT END
TURN 123 RESULT
TIME LEFT 94 3 RIGHT 94 3
MOVE A36 59
MOVE A37 59
MOVE A38 59
MOVE A39 59
MOVE A40 51
MOVE A41 59
MOVE A42 59
MOVE A43 59
MOVE A44 63
MOVE A45 51
MOVE A46 44
MOVE A47 6
MOVE A48 3
MOVE B39 79
MOVE B40 79
MOVE B42 64
MOVE B43 64
DAMAGE TURRET A36 1
DAMAGE COMBAT A36 3
DAMAGE COMBAT A37 2
DAMAGE COMBAT B26 4
DAMAGE COMBAT B34 3
END TURN 123
TURN 124
COMMAND LEFT START
TRAIN 1
COMMAND LEFT END
COMMAND RIGHT START
MOVE B36 62
MOVE B37 62
MOVE B38 62
COMMAND RIGHT END
TURN 124 RESULT
TIME LEFT 94 3 RIGHT 94 3
TRAIN A49
MOVE A40 57
MOVE A44 59
MOVE A45 57
MOVE A46 52
MOVE A47 13
MOVE A48 16
MOVE B39 80
MOVE B40 80
MOVE B42 62
MOVE B43 62
DAMAGE TURRET A37 1
DAMAGE COMBAT A37 1
DAMAGE COMBAT A38 3
DAMAGE COMBAT B34 1
DAMAGE COMBAT B36 4
DAMAGE COMBAT B37 2
END TURN 124
TURN 125
COMMAND LEFT START
MOVE A49 59
COMMAND LEFT END
COMMAND RIGHT START
MOVE B39 46
MOVE B40 46
TRAIN 1
COMMAND RIGHT END
TURN 125 RESULT
TIME LEFT 78 3 RIGHT 78 3
TRAIN B44
MOVE A40 59
MOVE A45 59
MOVE A46 56
MOVE A47 22
MOVE A48 19
MOVE A49 1
MOVE B39 77
MOVE B40 77
DAMAGE TURRET A38 1
DAMAGE COMBAT A39 2
DAMAGE COMBAT B37 2
DAMAGE COMBAT B38 4
SIEGE B 59 2
END TURN 125
TURN 126
COMMAND LEFT START
TRAIN 1
COMMAND LEFT END
COMMAND RIGHT START
COMMAND RIGHT END
TURN 126 RESULT
TIME LEFT 78 3 RIGHT 78 3
TRAIN A50
MOVE A46 58
MOVE A47 26
MOVE A48 33
MOVE A49 5
MOVE B39 64
MOVE B40 64
DAMAGE TURRET A39 1
SIEGE B 59 4
END TURN 126
TURN 127
COMMAND LEFT START
MOVE A50 80
COMMAND LEFT END
COMMAND RIGHT START
MOVE B44 72
TRAIN 1
COMMAND RIGHT END
TURN 127 RESULT
TIME LEFT 94 3 RIGHT 79 3
TRAIN B45
MOVE A46 59
MOVE A47 40
MOVE A48 34
MOVE A49 6
MOVE A50 1
MOVE B39 61
MOVE B40 61
MOVE B44 76
END TURN 127
TURN 128
COMMAND LEFT START
MOVE A48 72
MOVE A39 62
MOVE A40 62
MOVE A41 62
MOVE A42 62
MOVE A43 62
MOVE A44 62
MOVE A45 62
MOVE A46 62
COMMAND LEFT END
COMMAND RIGHT START
MOVE B42 72
MOVE B43 72
COMMAND RIGHT END
TURN 128 RESULT
TIME LEFT 78 3 RIGHT 94 3
MOVE A39 64
MOVE A40 64
MOVE A41 64
MOVE A42 64
MOVE A43 64
MOVE A44 64
MOVE A45 64
MOVE A46 64
MOVE A47 53
MOVE A48 48
MOVE A49 13
MOVE A50 5
MOVE B39 47
MOVE B40 47
MOVE B42 64
MOVE B43 64
MOVE B44 72
DAMAGE COMBAT A39 1
DAMAGE COMBAT A40 1
DAMAGE COMBAT B42 4
DAMAGE COMBAT B43 4
END TURN 128
TURN 129
COMMAND LEFT START
COMMAND LEFT END
COMMAND RIGHT START
TRAIN 1
COMMAND RIGHT END
TURN 129 RESULT
TIME LEFT 62 3 RIGHT 78 3
TRAIN B46
MOVE A40 62
MOVE A41 62
MOVE A42 62
MOVE A43 62
MOVE A44 62
MOVE A45 62
MOVE A46 62
MOVE A47 59
MOVE A48 60
MOVE A49 22
MOVE A50 6
MOVE B39 46
MOVE B40 46
DAMAGE TURRET A40 1
DAMAGE COMBAT A40 1
DAMAGE COMBAT B3 4
SIEGE B 62 3
END TURN 129
TURN 130
COMMAND LEFT START
MOVE A47 67
MOVE A40 80
MOVE A41 80
MOVE A42 80
MOVE A43 80
MOVE A44 80
MOVE A45 80
MOVE A46 80
COMMAND LEFT END
COMMAND RIGHT START
MOVE B39 72
MOVE B40 72
MOVE B44 80
COMMAND RIGHT END
TURN 130 RESULT
TIME LEFT 94 3 RIGHT 94 3
MOVE A40 64
MOVE A41 64
MOVE A42 64
MOVE A43 64
MOVE A44 64
MOVE A45 64
MOVE A46 64
MOVE A47 63
MOVE A48 71
MOVE A49 26
MOVE A50 13
MOVE B39 47
MOVE B40 47
MOVE B44 76
END TURN 130
TURN 131
COMMAND LEFT START
TRAIN 1
COMMAND LEFT END
COMMAND RIGHT START
TRAIN 1
COMMAND RIGHT END
TURN 131 RESULT
TIME LEFT 31 3 RIGHT 94 3
TRAIN A51 B47
MOVE A40 77
MOVE A41 77
MOVE A42 77
MOVE A43 77
MOVE A44 77
MOVE A45 77
MOVE A46 77
MOVE A47 67
MOVE A48 72
MOVE A49 40
MOVE A50 22
MOVE B39 57
MOVE B40 57
MOVE B44 80
DAMAGE TURRET A48 1
DAMAGE COMBAT A48 1
DAMAGE COMBAT B29 1
END TURN 131
TURN 132
COMMAND LEFT START
MOVE A51 62
MOVE A47 80
MOVE A48 80
COMMAND LEFT END
COMMAND RIGHT START
COMMAND RIGHT END
TURN 132 RESULT
TIME LEFT 46 3 RIGHT 78 3
MOVE A40 80
MOVE A41 80
MOVE A42 80
MOVE A43 80
MOVE A44 80
MOVE A45 80
MOVE A46 80
MOVE A47 74
MOVE A48 76
MOVE A49 53
MOVE A50 26
MOVE A51 1
MOVE B39 59
MOVE B40 59
DAMAGE TURRET A40 1
DAMAGE COMBAT A41 4
DAMAGE COMBAT A42 1
DAMAGE COMBAT B1 4
DAMAGE COMBAT B44 3
END TURN 132
TURN 133
COMMAND LEFT START
TRAIN 1
COMMAND LEFT END
COMMAND RIGHT START
TRAIN 1
COMMAND RIGHT END
TURN 133 RESULT
TIME LEFT 47 3 RIGHT 93 3
TRAIN A52 B48
MOVE A47 75
MOVE A48 80
MOVE A49 59
MOVE A50 40
MOVE A51 5
MOVE B39 63
MOVE B40 63
DAMAGE TURRET A48 1
DAMAGE COMBAT A42 3
DAMAGE COMBAT A43 1
DAMAGE COMBAT A48 1
DAMAGE COMBAT B44 1
DAMAGE COMBAT B45 4
DAMAGE COMBAT B46 1
END TURN 133
TURN 134
COMMAND LEFT START
MOVE A52 67
MOVE A49 80
COMMAND LEFT END
COMMAND RIGHT START
COMMAND RIGHT END
TURN 134 RESULT
TIME LEFT 63 3 RIGHT 79 3
MOVE A47 79
MOVE A49 63
MOVE A50 54
MOVE A51 6
MOVE A52 1
MOVE B39 67
MOVE B40 67
DAMAGE TURRET A43 1
DAMAGE COMBAT A43 2
DAMAGE COMBAT A44 1
DAMAGE COMBAT B46 3
DAMAGE COMBAT B47 1
END TURN 134
TURN 135
COMMAND LEFT START
TRAIN 1
COMMAND LEFT END
COMMAND RIGHT START
COMMAND RIGHT END
TURN 135 RESULT
TIME LEFT 93 3 RIGHT 93 3
TRAIN A53
MOVE A47 80
MOVE A49 74
MOVE A50 58
MOVE A51 13
MOVE A52 5
MOVE B39 70
MOVE B40 70
DAMAGE TURRET A44 1
DAMAGE COMBAT A44 2
DAMAGE COMBAT B47 3
DAMAGE COMBAT B48 1
END TURN 135
TURN 136
COMMAND LEFT START
MOVE A53 62
COMMAND LEFT END
COMMAND RIGHT START
COMMAND RIGHT END
TURN 136 RESULT
TIME LEFT 32 3 RIGHT 78 3
MOVE A49 75
MOVE A50 67
MOVE A51 14
MOVE A52 6
MOVE A53 1
MOVE B39 72
MOVE B40 72
DAMAGE TURRET A45 1
DAMAGE COMBAT A45 1
DAMAGE COMBAT B48 3
END TURN 136
TURN 137
COMMAND LEFT START
TRAIN 1
COMMAND LEFT END
COMMAND RIGHT START
MOVE B40 80
COMMAND RIGHT END
TURN 137 RESULT
TIME LEFT 63 3 RIGHT 94 3
TRAIN A54
MOVE A49 79
MOVE A50 74
MOVE A51 15
MOVE A52 13
MOVE A53 5
MOVE B40 76
DAMAGE TURRET A45 1
SIEGE B 80 3
END TURN 137
TURN 138
COMMAND LEFT START
MOVE A54 40
TRAIN 1
COMMAND LEFT END
COMMAND RIGHT START
TRAIN 1
COMMAND RIGHT END
TURN 138 RESULT
TIME LEFT 16 3 RIGHT 94 3
TRAIN A55 B49
MOVE A49 80
MOVE A50 75
MOVE A51 28
MOVE A52 22
MOVE A53 6
MOVE A54 1
MOVE B40 80
DAMAGE TURRET A45 1
DAMAGE COMBAT A46 2
DAMAGE COMBAT B40 4
END TURN 138
TURN 139
COMMAND LEFT START
MOVE A55 72
COMMAND LEFT END
COMMAND RIGHT START
COMMAND RIGHT END
TURN 139 RESULT
TIME LEFT 31 3 RIGHT 94 3
MOVE A50 79
MOVE A51 36
MOVE A52 26
MOVE A53 13
MOVE A54 5
MOVE A55 1
DAMAGE TURRET A46 1
DAMAGE COMBAT A46 1
DAMAGE COMBAT B49 3
END TURN 139
TURN 140
COMMAND LEFT START
TRAIN 1
COMMAND LEFT END
COMMAND RIGHT START
COMMAND RIGHT END
TURN 140 RESULT
TIME LEFT 31 3 RIGHT 78 3
TRAIN A56
MOVE A50 80
MOVE A51 47
MOVE A52 40
MOVE A53 14
MOVE A54 6
MOVE A55 5
DAMAGE TURRET A47 1
DAMAGE COMBAT A47 1
DAMAGE COMBAT B49 1
SIEGE B 80 2
END TURN 140
TURN 141
COMMAND LEFT START
MOVE A56 68
COMMAND LEFT END
COMMAND RIGHT START
COMMAND RIGHT END
TURN 141 RESULT
TIME LEFT 15 3 RIGHT 31 3
MOVE A51 61
MOVE A52 54
MOVE A53 15
MOVE A54 13
MOVE A55 6
MOVE A56 1
DAMAGE TURRET A47 1
SIEGE B 80 3
END TURN 141
TURN 142
COMMAND LEFT START
TRAIN 1
COMMAND LEFT END
COMMAND RIGHT START
TRAIN 1
COMMAND RIGHT END
TURN 142 RESULT
TIME LEFT 0 3 RIGHT 16 3
TRAIN A57 B50
MOVE A51 62
MOVE A52 58
MOVE A53 28
MOVE A54 22
MOVE A55 13
MOVE A56 5
DAMAGE TURRET A47 1
DAMAGE TURRET A51 1
DAMAGE COMBAT A49 1
DAMAGE COMBAT B50 3
SIEGE B 62 1
END TURN 142
TURN 143
COMMAND LEFT START
MOVE A57 21
MOVE A51 80
COMMAND LEFT END
COMMAND RIGHT START
COMMAND RIGHT END
TURN 143 RESULT
TIME LEFT 31 3 RIGHT 15 3
MOVE A51 64
MOVE A52 67
MOVE A53 36
MOVE A54 26
MOVE A55 22
MOVE A56 6
MOVE A57 1
DAMAGE TURRET A49 1
DAMAGE COMBAT A49 1
DAMAGE COMBAT B50 1
SIEGE B 80 1
END TURN 143
TURN 144
COMMAND LEFT START
MOVE A52 21
TRAIN 1
COMMAND LEFT END
COMMAND RIGHT START
COMMAND RIGHT END
TURN 144 RESULT
TIME LEFT 0 3 RIGHT 0 3
TRAIN A58
MOVE A51 77
MOVE A52 58
MOVE A53 47
MOVE A54 40
MOVE A55 27
MOVE A56 17
MOVE A57 5
DAMAGE TURRET A49 1
SIEGE B 80 1
END TURN 144
RESULT LEFT_WIN HQ_DESTROYED
