[LEFT "COMMAND: D:/other_programs/anaconda3/envs/orbit/python.exe submit_bot.py --weights weights.npz"]
[RIGHT "COMMAND: D:/other_programs/anaconda3/envs/orbit/python.exe submit_bot.py --weights weights.npz --stochastic"]
MAP
95 17
-10879 -10529 -8782 -9416 -8573 -7537 -7185 -8045 -7900 -7683 -7539 -6497 -6369 -5986 -5232 -5043 -5045 -5208 -5460 -4872 -5302 -3792 -3601 -3691 -3891 -3116 -4053 -3692 -2085 -2625 -3068 -2474 -2069 -1926 -1421 -1493 -1396 -822 -1358 -743 -855 -396 -1058 -500 -218 178 -188 0 188 -178 218 500 1058 396 855 743 1358 822 1396 1493 1421 1926 2069 2474 3068 2625 2085 3692 4053 3116 3891 3691 3601 3792 5302 4872 5460 5208 5045 5043 5232 5986 6369 6497 7539 7683 7900 8045 7185 7537 8573 9416 8782 10529 10879
920 -2280 -138 -4547 -2223 -2565 -823 -6553 2480 7589 4796 -7577 -3251 5907 -881 -3295 4784 2835 -9761 6740 -4930 -8380 -5918 -4023 8031 5718 10267 2770 9488 2093 -307 -2455 4358 -4457 3504 2470 -527 -3227 -7008 -10130 178 3645 6762 2037 5029 5854 1172 0 -1172 -5854 -5029 -2037 -6762 -3645 -178 10130 7008 3227 527 -2470 -3504 4457 -4358 2455 307 -2093 -9488 -2770 -10267 -5718 -8031 4023 5918 8380 4930 -6740 9761 -2835 -4784 3295 881 -5907 3251 7577 -4796 -7589 -2480 6553 823 2565 2223 4547 138 2280 -920
STRONGHOLDS 2 3 17 20 26 33 41 42 47 52 53 61 68 74 77 91 92
4 1 2 8 10
4 0 2 3 4
5 0 1 4 6 8
5 1 4 5 7 12
5 1 2 3 5 6
4 3 4 6 12
7 2 4 5 8 12 14 17
4 3 11 12 20
5 0 2 6 10 17
5 10 13 19 24 26
6 0 8 9 13 16 17
5 7 18 20 21 22
7 3 5 6 7 14 15 20
4 9 10 16 19
6 6 12 15 17 30 31
5 12 14 20 23 31
6 10 13 17 19 25 27
7 6 8 10 14 16 27 30
3 11 21 39
5 9 13 16 24 25
6 7 11 12 15 22 23
5 11 18 22 38 39
6 11 20 21 23 33 38
5 15 20 22 31 33
6 9 19 25 26 28 42
6 16 19 24 27 32 42
3 9 24 28
6 16 17 25 29 30 32
4 24 26 42 55
6 27 30 32 34 35 40
7 14 17 27 29 31 36 40
7 14 15 23 30 33 36 37
6 25 27 29 34 42 44
7 22 23 31 37 38 49 50
5 29 32 35 41 44
5 29 34 40 41 43
6 30 31 37 40 47 48
7 31 33 36 48 50 51 53
6 21 22 33 39 49 52
5 18 21 38 52 66
7 29 30 35 36 43 46 47
5 34 35 43 44 57
8 24 25 28 32 44 45 55 56
5 35 40 41 46 57
7 32 34 41 42 45 57 61
4 42 44 56 61
5 40 43 47 57 58
6 36 40 46 48 54 58
5 36 37 47 51 54
4 33 38 50 52
7 33 37 49 52 53 60 62
5 37 48 53 54 59
8 38 39 49 50 62 66 69 70
5 37 50 51 59 60
7 47 48 51 58 59 64 65
5 28 42 56 73 76
6 42 45 55 61 72 73
7 41 43 44 46 58 61 63
6 46 47 54 57 63 64
5 51 53 54 60 65
5 50 53 59 62 65
7 44 45 56 57 63 71 72
6 50 52 60 65 67 69
7 57 58 61 64 71 79 80
7 54 58 63 65 67 77 80
6 54 59 60 62 64 67
4 39 52 68 70
6 62 64 65 69 77 78
3 66 70 85
6 52 62 67 70 75 78
6 52 66 68 69 75 85
5 61 63 72 74 79
6 56 61 71 73 74 83
5 55 56 72 76 83
6 71 72 79 82 83 87
5 69 70 78 81 85
3 55 73 83
7 64 67 78 80 84 86 88
6 67 69 75 77 81 84
5 63 71 74 80 82
6 63 64 77 79 82 88
4 75 78 84 85
7 74 79 80 87 88 89 91
5 72 73 74 76 87
6 77 78 81 85 86 94
5 68 70 75 81 84
5 77 84 88 92 94
4 74 82 83 91
7 77 80 82 86 89 90 92
4 82 88 90 91
5 88 89 91 92 93
5 82 87 89 90 93
5 86 88 90 93 94
4 90 91 92 94
4 84 86 92 93
END MAP
TURN 1
COMMAND LEFT START
MOVE A2 2
MOVE A3 2
COMMAND LEFT END
COMMAND RIGHT START
MOVE B2 92
MOVE B3 92
COMMAND RIGHT END
TURN 1 RESULT
TIME LEFT 0 5 RIGHT 0 5
MOVE A2 2
MOVE A3 2
MOVE B2 92
MOVE B3 92
END TURN 1
TURN 2
COMMAND LEFT START
MOVE A3 17
UPGRADE 2
COMMAND LEFT END
COMMAND RIGHT START
MOVE B3 77
UPGRADE 92
COMMAND RIGHT END
TURN 2 RESULT
TIME LEFT 0 5 RIGHT 0 5
UPGRADE A 2
UPGRADE B 92
MOVE A3 8
MOVE B3 86
END TURN 2
TURN 3
COMMAND LEFT START
COMMAND LEFT END
COMMAND RIGHT START
COMMAND RIGHT END
TURN 3 RESULT
TIME LEFT 0 5 RIGHT 0 5
MOVE A3 17
MOVE B3 77
END TURN 3
TURN 4
COMMAND LEFT START
COMMAND LEFT END
COMMAND RIGHT START
COMMAND RIGHT END
TURN 4 RESULT
TIME LEFT 0 5 RIGHT 0 5
END TURN 4
TURN 5
COMMAND LEFT START
COMMAND LEFT END
COMMAND RIGHT START
COMMAND RIGHT END
TURN 5 RESULT
TIME LEFT 0 5 RIGHT 0 5
END TURN 5
TURN 6
COMMAND LEFT START
COMMAND LEFT END
COMMAND RIGHT START
COMMAND RIGHT END
TURN 6 RESULT
TIME LEFT 0 5 RIGHT 0 5
END TURN 6
TURN 7
COMMAND LEFT START
COMMAND LEFT END
COMMAND RIGHT START
COMMAND RIGHT END
TURN 7 RESULT
TIME LEFT 15 5 RIGHT 15 5
END TURN 7
TURN 8
COMMAND LEFT START
UPGRADE 17
COMMAND LEFT END
COMMAND RIGHT START
UPGRADE 77
COMMAND RIGHT END
TURN 8 RESULT
TIME LEFT 0 5 RIGHT 0 5
UPGRADE A 17
UPGRADE B 77
END TURN 8
TURN 9
COMMAND LEFT START
COMMAND LEFT END
COMMAND RIGHT START
COMMAND RIGHT END
TURN 9 RESULT
TIME LEFT 0 5 RIGHT 0 5
END TURN 9
TURN 10
COMMAND LEFT START
COMMAND LEFT END
COMMAND RIGHT START
COMMAND RIGHT END
TURN 10 RESULT
TIME LEFT 0 5 RIGHT 0 5
END TURN 10
TURN 11
COMMAND LEFT START
COMMAND LEFT END
COMMAND RIGHT START
COMMAND RIGHT END
TURN 11 RESULT
TIME LEFT 0 5 RIGHT 0 5
END TURN 11
TURN 12
COMMAND LEFT START
COMMAND LEFT END
COMMAND RIGHT START
COMMAND RIGHT END
TURN 12 RESULT
TIME LEFT 0 5 RIGHT 0 5
END TURN 12
TURN 13
COMMAND LEFT START
COMMAND LEFT END
COMMAND RIGHT START
COMMAND RIGHT END
TURN 13 RESULT
TIME LEFT 0 5 RIGHT 0 5
END TURN 13
TURN 14
COMMAND LEFT START
COMMAND LEFT END
COMMAND RIGHT START
COMMAND RIGHT END
TURN 14 RESULT
TIME LEFT 0 5 RIGHT 0 5
END TURN 14
TURN 15
COMMAND LEFT START
COMMAND LEFT END
COMMAND RIGHT START
COMMAND RIGHT END
TURN 15 RESULT
TIME LEFT 0 5 RIGHT 0 5
END TURN 15
TURN 16
COMMAND LEFT START
COMMAND LEFT END
COMMAND RIGHT START
TRAIN 1
COMMAND RIGHT END
TURN 16 RESULT
TIME LEFT 16 5 RIGHT 16 5
TRAIN B4
END TURN 16
TURN 17
COMMAND LEFT START
TRAIN 1
COMMAND LEFT END
COMMAND RIGHT START
MOVE B4 91
COMMAND RIGHT END
TURN 17 RESULT
TIME LEFT 0 5 RIGHT 0 5
TRAIN A4
MOVE B4 93
END TURN 17
TURN 18
COMMAND LEFT START
MOVE A4 3
COMMAND LEFT END
COMMAND RIGHT START
COMMAND RIGHT END
TURN 18 RESULT
TIME LEFT 0 5 RIGHT 0 5
MOVE A4 1
MOVE B4 91
END TURN 18
TURN 19
COMMAND LEFT START
COMMAND LEFT END
COMMAND RIGHT START
UPGRADE 91
COMMAND RIGHT END
TURN 19 RESULT
TIME LEFT 0 5 RIGHT 0 5
UPGRADE B 91
MOVE A4 3
END TURN 19
TURN 20
COMMAND LEFT START
UPGRADE 3
COMMAND LEFT END
COMMAND RIGHT START
COMMAND RIGHT END
TURN 20 RESULT
TIME LEFT 0 5 RIGHT 0 5
UPGRADE A 3
END TURN 20
TURN 21
COMMAND LEFT START
COMMAND LEFT END
COMMAND RIGHT START
COMMAND RIGHT END
TURN 21 RESULT
TIME LEFT 0 5 RIGHT 0 5
END TURN 21
TURN 22
COMMAND LEFT START
COMMAND LEFT END
COMMAND RIGHT START
COMMAND RIGHT END
TURN 22 RESULT
TIME LEFT 0 5 RIGHT 0 5
END TURN 22
TURN 23
COMMAND LEFT START
COMMAND LEFT END
COMMAND RIGHT START
COMMAND RIGHT END
TURN 23 RESULT
TIME LEFT 16 5 RIGHT 16 5
END TURN 23
TURN 24
COMMAND LEFT START
TRAIN 1
COMMAND LEFT END
COMMAND RIGHT START
TRAIN 1
COMMAND RIGHT END
TURN 24 RESULT
TIME LEFT 0 5 RIGHT 0 5
TRAIN A5 B5
END TURN 24
TURN 25
COMMAND LEFT START
MOVE A5 20
COMMAND LEFT END
COMMAND RIGHT START
MOVE B5 74
COMMAND RIGHT END
TURN 25 RESULT
TIME LEFT 0 5 RIGHT 0 5
MOVE A5 2
MOVE B5 92
END TURN 25
TURN 26
COMMAND LEFT START
COMMAND LEFT END
COMMAND RIGHT START
COMMAND RIGHT END
TURN 26 RESULT
TIME LEFT 0 5 RIGHT 0 5
MOVE A5 6
MOVE B5 88
END TURN 26
TURN 27
COMMAND LEFT START
COMMAND LEFT END
COMMAND RIGHT START
COMMAND RIGHT END
TURN 27 RESULT
TIME LEFT 0 5 RIGHT 0 5
MOVE A5 12
MOVE B5 82
END TURN 27
TURN 28
COMMAND LEFT START
COMMAND LEFT END
COMMAND RIGHT START
COMMAND RIGHT END
TURN 28 RESULT
TIME LEFT 0 5 RIGHT 0 5
MOVE A5 20
MOVE B5 74
END TURN 28
TURN 29
COMMAND LEFT START
UPGRADE 20
COMMAND LEFT END
COMMAND RIGHT START
UPGRADE 74
COMMAND RIGHT END
TURN 29 RESULT
TIME LEFT 0 5 RIGHT 0 5
UPGRADE A 20
UPGRADE B 74
END TURN 29
TURN 30
COMMAND LEFT START
COMMAND LEFT END
COMMAND RIGHT START
COMMAND RIGHT END
TURN 30 RESULT
TIME LEFT 15 5 RIGHT 15 5
END TURN 30
TURN 31
COMMAND LEFT START
COMMAND LEFT END
COMMAND RIGHT START
TRAIN 1
COMMAND RIGHT END
TURN 31 RESULT
TIME LEFT 0 5 RIGHT 0 5
TRAIN B6
END TURN 31
TURN 32
COMMAND LEFT START
COMMAND LEFT END
COMMAND RIGHT START
MOVE B6 68
COMMAND RIGHT END
TURN 32 RESULT
TIME LEFT 0 5 RIGHT 0 5
MOVE B6 84
END TURN 32
TURN 33
COMMAND LEFT START
COMMAND LEFT END
COMMAND RIGHT START
COMMAND RIGHT END
TURN 33 RESULT
TIME LEFT 0 5 RIGHT 0 5
MOVE B6 81
END TURN 33
TURN 34
COMMAND LEFT START
COMMAND LEFT END
COMMAND RIGHT START
COMMAND RIGHT END
TURN 34 RESULT
TIME LEFT 0 5 RIGHT 0 5
MOVE B6 75
END TURN 34
TURN 35
COMMAND LEFT START
COMMAND LEFT END
COMMAND RIGHT START
COMMAND RIGHT END
TURN 35 RESULT
TIME LEFT 0 5 RIGHT 0 5
MOVE B6 70
END TURN 35
TURN 36
COMMAND LEFT START
COMMAND LEFT END
COMMAND RIGHT START
COMMAND RIGHT END
TURN 36 RESULT
TIME LEFT 0 5 RIGHT 0 5
MOVE B6 68
END TURN 36
TURN 37
COMMAND LEFT START
UPGRADE 0
COMMAND LEFT END
COMMAND RIGHT START
UPGRADE 68
COMMAND RIGHT END
TURN 37 RESULT
TIME LEFT 0 5 RIGHT 0 5
UPGRADE A 0
UPGRADE B 68
END TURN 37
TURN 38
COMMAND LEFT START
COMMAND LEFT END
COMMAND RIGHT START
COMMAND RIGHT END
TURN 38 RESULT
TIME LEFT 0 5 RIGHT 0 5
END TURN 38
TURN 39
COMMAND LEFT START
TRAIN 1
COMMAND LEFT END
COMMAND RIGHT START
COMMAND RIGHT END
TURN 39 RESULT
TIME LEFT 0 5 RIGHT 0 5
TRAIN A6
END TURN 39
TURN 40
COMMAND LEFT START
COMMAND LEFT END
COMMAND RIGHT START
COMMAND RIGHT END
TURN 40 RESULT
TIME LEFT 0 5 RIGHT 0 5
END TURN 40
TURN 41
COMMAND LEFT START
COMMAND LEFT END
COMMAND RIGHT START
COMMAND RIGHT END
TURN 41 RESULT
TIME LEFT 0 5 RIGHT 0 5
END TURN 41
TURN 42
COMMAND LEFT START
COMMAND LEFT END
COMMAND RIGHT START
COMMAND RIGHT END
TURN 42 RESULT
TIME LEFT 0 5 RIGHT 0 5
END TURN 42
TURN 43
COMMAND LEFT START
TRAIN 1
COMMAND LEFT END
COMMAND RIGHT START
UPGRADE 94
COMMAND RIGHT END
TURN 43 RESULT
TIME LEFT 0 5 RIGHT 0 5
UPGRADE B 94
TRAIN A7
END TURN 43
TURN 44
COMMAND LEFT START
MOVE A7 26
TRAIN 1
COMMAND LEFT END
COMMAND RIGHT START
TRAIN 1
COMMAND RIGHT END
TURN 44 RESULT
TIME LEFT 0 5 RIGHT 0 5
TRAIN A8 B7
MOVE A7 10
END TURN 44
TURN 45
COMMAND LEFT START
COMMAND LEFT END
COMMAND RIGHT START
COMMAND RIGHT END
TURN 45 RESULT
TIME LEFT 0 5 RIGHT 0 5
MOVE A7 13
END TURN 45
TURN 46
COMMAND LEFT START
TRAIN 1
COMMAND LEFT END
COMMAND RIGHT START
COMMAND RIGHT END
TURN 46 RESULT
TIME LEFT 16 5 RIGHT 16 5
TRAIN A9
MOVE A7 19
END TURN 46
TURN 47
COMMAND LEFT START
TRAIN 1
COMMAND LEFT END
COMMAND RIGHT START
COMMAND RIGHT END
TURN 47 RESULT
TIME LEFT 0 5 RIGHT 0 5
TRAIN A10
MOVE A7 24
END TURN 47
TURN 48
COMMAND LEFT START
COMMAND LEFT END
COMMAND RIGHT START
TRAIN 1
COMMAND RIGHT END
TURN 48 RESULT
TIME LEFT 0 5 RIGHT 0 5
TRAIN B8
MOVE A7 26
END TURN 48
TURN 49
COMMAND LEFT START
TRAIN 1
COMMAND LEFT END
COMMAND RIGHT START
TRAIN 1
COMMAND RIGHT END
TURN 49 RESULT
TIME LEFT 0 5 RIGHT 0 5
TRAIN A11 B9
END TURN 49
TURN 50
COMMAND LEFT START
TRAIN 1
COMMAND LEFT END
COMMAND RIGHT START
TRAIN 1
COMMAND RIGHT END
TURN 50 RESULT
TIME LEFT 0 5 RIGHT 0 5
TRAIN A12 B10
END TURN 50
TURN 51
COMMAND LEFT START
MOVE A8 68
MOVE A9 68
MOVE A10 68
MOVE A11 68
MOVE A12 68
COMMAND LEFT END
COMMAND RIGHT START
TRAIN 1
COMMAND RIGHT END
TURN 51 RESULT
TIME LEFT 15 5 RIGHT 15 5
TRAIN B11
MOVE A8 2
MOVE A9 2
MOVE A10 2
MOVE A11 2
MOVE A12 2
END TURN 51
TURN 52
COMMAND LEFT START
COMMAND LEFT END
COMMAND RIGHT START
TRAIN 1
COMMAND RIGHT END
TURN 52 RESULT
TIME LEFT 0 5 RIGHT 0 5
TRAIN B12
MOVE A8 6
MOVE A9 6
MOVE A10 6
MOVE A11 6
MOVE A12 6
END TURN 52
TURN 53
COMMAND LEFT START
COMMAND LEFT END
COMMAND RIGHT START
TRAIN 1
COMMAND RIGHT END
TURN 53 RESULT
TIME LEFT 0 5 RIGHT 0 5
TRAIN B13
MOVE A8 14
MOVE A9 14
MOVE A10 14
MOVE A11 14
MOVE A12 14
END TURN 53
TURN 54
COMMAND LEFT START
UPGRADE 26
COMMAND LEFT END
COMMAND RIGHT START
TRAIN 1
COMMAND RIGHT END
TURN 54 RESULT
TIME LEFT 0 5 RIGHT 0 5
UPGRADE A 26
TRAIN B14
MOVE A8 31
MOVE A9 31
MOVE A10 31
MOVE A11 31
MOVE A12 31
END TURN 54
TURN 55
COMMAND LEFT START
COMMAND LEFT END
COMMAND RIGHT START
MOVE B8 68
MOVE B9 68
MOVE B10 68
MOVE B11 68
MOVE B12 68
MOVE B13 68
MOVE B14 68
COMMAND RIGHT END
TURN 55 RESULT
TIME LEFT 0 5 RIGHT 0 5
MOVE A8 37
MOVE A9 37
MOVE A10 37
MOVE A11 37
MOVE A12 37
MOVE B8 84
MOVE B9 84
MOVE B10 84
MOVE B11 84
MOVE B12 84
MOVE B13 84
MOVE B14 84
END TURN 55
TURN 56
COMMAND LEFT START
COMMAND LEFT END
COMMAND RIGHT START
COMMAND RIGHT END
TURN 56 RESULT
TIME LEFT 16 5 RIGHT 16 5
MOVE A8 50
MOVE A9 50
MOVE A10 50
MOVE A11 50
MOVE A12 50
MOVE B8 81
MOVE B9 81
MOVE B10 81
MOVE B11 81
MOVE B12 81
MOVE B13 81
MOVE B14 81
END TURN 56
TURN 57
COMMAND LEFT START
COMMAND LEFT END
COMMAND RIGHT START
COMMAND RIGHT END
TURN 57 RESULT
TIME LEFT 0 5 RIGHT 0 5
MOVE A8 52
MOVE A9 52
MOVE A10 52
MOVE A11 52
MOVE A12 52
MOVE B8 75
MOVE B9 75
MOVE B10 75
MOVE B11 75
MOVE B12 75
MOVE B13 75
MOVE B14 75
END TURN 57
TURN 58
COMMAND LEFT START
TRAIN 1
COMMAND LEFT END
COMMAND RIGHT START
TRAIN 1
COMMAND RIGHT END
TURN 58 RESULT
TIME LEFT 0 5 RIGHT 0 5
TRAIN A13 B15
MOVE A8 66
MOVE A9 66
MOVE A10 66
MOVE A11 66
MOVE A12 66
MOVE B8 70
MOVE B9 70
MOVE B10 70
MOVE B11 70
MOVE B12 70
MOVE B13 70
MOVE B14 70
END TURN 58
TURN 59
COMMAND LEFT START
TRAIN 1
COMMAND LEFT END
COMMAND RIGHT START
MOVE B15 68
TRAIN 1
COMMAND RIGHT END
TURN 59 RESULT
TIME LEFT 0 5 RIGHT 0 5
TRAIN A14 B16
MOVE A8 68
MOVE A9 68
MOVE A10 68
MOVE A11 68
MOVE A12 68
MOVE B8 68
MOVE B9 68
MOVE B10 68
MOVE B11 68
MOVE B12 68
MOVE B13 68
MOVE B14 68
MOVE B15 84
DAMAGE TURRET A8 1
DAMAGE COMBAT A8 4
DAMAGE COMBAT A9 4
DAMAGE COMBAT B6 4
DAMAGE COMBAT B8 1
END TURN 59
TURN 60
COMMAND LEFT START
MOVE A9 74
MOVE A10 74
MOVE A11 74
MOVE A12 74
TRAIN 1
COMMAND LEFT END
COMMAND RIGHT START
TRAIN 1
COMMAND RIGHT END
TURN 60 RESULT
TIME LEFT 0 5 RIGHT 0 5
TRAIN A15 B17
MOVE B15 81
DAMAGE TURRET A9 1
DAMAGE COMBAT A10 5
DAMAGE COMBAT A11 2
DAMAGE COMBAT B8 4
END TURN 60
TURN 61
COMMAND LEFT START
TRAIN 1
COMMAND LEFT END
COMMAND RIGHT START
MOVE B16 68
MOVE B17 68
TRAIN 1
COMMAND RIGHT END
TURN 61 RESULT
TIME LEFT 0 5 RIGHT 0 5
TRAIN A16 B18
MOVE B15 75
MOVE B16 84
MOVE B17 84
DAMAGE TURRET A11 1
DAMAGE COMBAT A11 2
DAMAGE COMBAT A12 4
DAMAGE COMBAT B9 2
END TURN 61
TURN 62
COMMAND LEFT START
TRAIN 1
COMMAND LEFT END
COMMAND RIGHT START
COMMAND RIGHT END
TURN 62 RESULT
TIME LEFT 15 5 RIGHT 15 5
TRAIN A17
MOVE B15 70
MOVE B16 81
MOVE B17 81
DAMAGE TURRET A12 1
DAMAGE COMBAT B9 1
END TURN 62
TURN 63
COMMAND LEFT START
MOVE A13 20
MOVE A14 20
MOVE A15 20
MOVE A16 20
MOVE A17 20
COMMAND LEFT END
COMMAND RIGHT START
MOVE B18 92
COMMAND RIGHT END
TURN 63 RESULT
TIME LEFT 0 5 RIGHT 0 5
MOVE A13 2
MOVE A14 2
MOVE A15 2
MOVE A16 2
MOVE A17 2
MOVE B15 68
MOVE B16 75
MOVE B17 75
MOVE B18 92
END TURN 63
TURN 64
COMMAND LEFT START
COMMAND LEFT END
COMMAND RIGHT START
MOVE B18 77
TRAIN 1
COMMAND RIGHT END
TURN 64 RESULT
TIME LEFT 0 5 RIGHT 0 5
TRAIN B19
MOVE A13 6
MOVE A14 6
MOVE A15 6
MOVE A16 6
MOVE A17 6
MOVE B16 70
MOVE B17 70
MOVE B18 86
END TURN 64
TURN 65
COMMAND LEFT START
COMMAND LEFT END
COMMAND RIGHT START
MOVE B19 92
TRAIN 1
COMMAND RIGHT END
TURN 65 RESULT
TIME LEFT 0 5 RIGHT 0 5
TRAIN B20
MOVE A13 12
MOVE A14 12
MOVE A15 12
MOVE A16 12
MOVE A17 12
MOVE B16 68
MOVE B17 68
MOVE B18 77
MOVE B19 92
END TURN 65
TURN 66
COMMAND LEFT START
COMMAND LEFT END
COMMAND RIGHT START
MOVE B19 91
MOVE B20 77
TRAIN 1
COMMAND RIGHT END
TURN 66 RESULT
TIME LEFT 0 5 RIGHT 0 5
TRAIN B21
MOVE A13 20
MOVE A14 20
MOVE A15 20
MOVE A16 20
MOVE A17 20
MOVE B19 90
MOVE B20 86
END TURN 66
TURN 67
COMMAND LEFT START
TRAIN 1
COMMAND LEFT END
COMMAND RIGHT START
MOVE B10 2
MOVE B11 2
MOVE B12 2
MOVE B13 2
MOVE B14 2
MOVE B15 2
MOVE B16 2
MOVE B17 2
MOVE B21 92
COMMAND RIGHT END
TURN 67 RESULT
TIME LEFT 16 5 RIGHT 16 5
TRAIN A18
MOVE B10 66
MOVE B11 66
MOVE B12 66
MOVE B13 66
MOVE B14 66
MOVE B15 66
MOVE B16 66
MOVE B17 66
MOVE B19 91
MOVE B20 77
MOVE B21 92
END TURN 67
TURN 68
COMMAND LEFT START
TRAIN 1
COMMAND LEFT END
COMMAND RIGHT START
MOVE B18 26
MOVE B20 26
MOVE B21 47
COMMAND RIGHT END
TURN 68 RESULT
TIME LEFT 0 5 RIGHT 0 5
TRAIN A19
MOVE B10 52
MOVE B11 52
MOVE B12 52
MOVE B13 52
MOVE B14 52
MOVE B15 52
MOVE B16 52
MOVE B17 52
MOVE B18 64
MOVE B20 64
MOVE B21 88
END TURN 68
TURN 69
COMMAND LEFT START
TRAIN 1
COMMAND LEFT END
COMMAND RIGHT START
MOVE B19 92
COMMAND RIGHT END
TURN 69 RESULT
TIME LEFT 0 5 RIGHT 0 5
TRAIN A20
MOVE B10 50
MOVE B11 50
MOVE B12 50
MOVE B13 50
MOVE B14 50
MOVE B15 50
MOVE B16 50
MOVE B17 50
MOVE B18 63
MOVE B19 90
MOVE B20 63
MOVE B21 80
END TURN 69
TURN 70
COMMAND LEFT START
MOVE A18 17
MOVE A19 17
MOVE A20 17
TRAIN 1
COMMAND LEFT END
COMMAND RIGHT START
COMMAND RIGHT END
TURN 70 RESULT
TIME LEFT 0 5 RIGHT 0 5
TRAIN A21
MOVE A18 8
MOVE A19 8
MOVE A20 8
MOVE B10 37
MOVE B11 37
MOVE B12 37
MOVE B13 37
MOVE B14 37
MOVE B15 37
MOVE B16 37
MOVE B17 37
MOVE B18 57
MOVE B19 92
MOVE B20 57
MOVE B21 64
END TURN 70
TURN 71
COMMAND LEFT START
MOVE A21 17
COMMAND LEFT END
COMMAND RIGHT START
MOVE B19 94
COMMAND RIGHT END
TURN 71 RESULT
TIME LEFT 16 5 RIGHT 16 5
MOVE A18 17
MOVE A19 17
MOVE A20 17
MOVE A21 8
MOVE B10 31
MOVE B11 31
MOVE B12 31
MOVE B13 31
MOVE B14 31
MOVE B15 31
MOVE B16 31
MOVE B17 31
MOVE B18 44
MOVE B19 94
MOVE B20 44
MOVE B21 54
END TURN 71
TURN 72
COMMAND LEFT START
COMMAND LEFT END
COMMAND RIGHT START
TRAIN 1
COMMAND RIGHT END
TURN 72 RESULT
TIME LEFT 0 5 RIGHT 0 5
TRAIN B22
MOVE A21 17
MOVE B10 14
MOVE B11 14
MOVE B12 14
MOVE B13 14
MOVE B14 14
MOVE B15 14
MOVE B16 14
MOVE B17 14
MOVE B18 42
MOVE B20 42
MOVE B21 47
END TURN 72
TURN 73
COMMAND LEFT START
MOVE A13 3
MOVE A14 3
MOVE A15 3
MOVE A16 3
MOVE A17 3
TRAIN 1
COMMAND LEFT END
COMMAND RIGHT START
TRAIN 1
COMMAND RIGHT END
TURN 73 RESULT
TIME LEFT 0 5 RIGHT 0 5
TRAIN A22 B23
MOVE A13 12
MOVE A14 12
MOVE A15 12
MOVE A16 12
MOVE A17 12
MOVE B10 6
MOVE B11 6
MOVE B12 6
MOVE B13 6
MOVE B14 6
MOVE B15 6
MOVE B16 6
MOVE B17 6
MOVE B18 28
MOVE B20 28
END TURN 73
TURN 74
COMMAND LEFT START
MOVE A22 2
MOVE A18 2
MOVE A19 2
MOVE A20 2
MOVE A21 2
TRAIN 1
COMMAND LEFT END
COMMAND RIGHT START
COMMAND RIGHT END
TURN 74 RESULT
TIME LEFT 0 5 RIGHT 0 5
TRAIN A23
MOVE A13 3
MOVE A14 3
MOVE A15 3
MOVE A16 3
MOVE A17 3
MOVE A18 8
MOVE A19 8
MOVE A20 8
MOVE A21 8
MOVE A22 2
MOVE B10 2
MOVE B11 2
MOVE B12 2
MOVE B13 2
MOVE B14 2
MOVE B15 2
MOVE B16 2
MOVE B17 2
MOVE B18 26
MOVE B20 26
DAMAGE TURRET B10 1
DAMAGE TURRET B18 1
DAMAGE COMBAT A2 4
DAMAGE COMBAT A7 2
DAMAGE COMBAT A22 4
DAMAGE COMBAT B10 2
DAMAGE COMBAT B18 1
END TURN 74
TURN 75
COMMAND LEFT START
MOVE A13 2
MOVE A14 2
MOVE A15 2
MOVE A16 2
MOVE A17 2
TRAIN 1
COMMAND LEFT END
COMMAND RIGHT START
MOVE B10 26
MOVE B11 26
MOVE B12 26
MOVE B13 26
MOVE B14 26
MOVE B15 26
MOVE B16 26
MOVE B17 26
TRAIN 1
COMMAND RIGHT END
TURN 75 RESULT
TIME LEFT 0 5 RIGHT 0 5
TRAIN A24 B24
MOVE A13 4
MOVE A14 4
MOVE A15 4
MOVE A16 4
MOVE A17 4
MOVE A18 2
MOVE A19 2
MOVE A20 2
MOVE A21 2
DAMAGE TURRET B10 1
DAMAGE TURRET B18 1
DAMAGE COMBAT A7 2
DAMAGE COMBAT A18 5
DAMAGE COMBAT A19 2
DAMAGE COMBAT A22 1
DAMAGE COMBAT B10 1
DAMAGE COMBAT B11 4
DAMAGE COMBAT B18 1
END TURN 75
TURN 76
COMMAND LEFT START
TRAIN 1
COMMAND LEFT END
COMMAND RIGHT START
TRAIN 1
COMMAND RIGHT END
TURN 76 RESULT
TIME LEFT 15 5 RIGHT 15 5
TRAIN A25 B25
MOVE A13 2
MOVE A14 2
MOVE A15 2
MOVE A16 2
MOVE A17 2
DAMAGE TURRET B11 1
DAMAGE TURRET B18 1
DAMAGE COMBAT A7 1
DAMAGE COMBAT A13 4
DAMAGE COMBAT A19 3
DAMAGE COMBAT B12 5
DAMAGE COMBAT B13 3
DAMAGE COMBAT B20 1
SIEGE A 26 1
END TURN 76
TURN 77
COMMAND LEFT START
MOVE A23 26
MOVE A24 26
MOVE A25 26
TRAIN 1
COMMAND LEFT END
COMMAND RIGHT START
MOVE B21 53
MOVE B19 92
MOVE B22 92
MOVE B23 92
MOVE B24 92
MOVE B25 92
COMMAND RIGHT END
TURN 77 RESULT
TIME LEFT 0 5 RIGHT 0 5
TRAIN A26
MOVE A23 10
MOVE A24 10
MOVE A25 10
MOVE B19 92
MOVE B21 48
MOVE B22 92
MOVE B23 92
MOVE B24 92
MOVE B25 92
DAMAGE TURRET B13 1
DAMAGE TURRET B20 1
DAMAGE COMBAT A13 1
DAMAGE COMBAT A14 4
DAMAGE COMBAT B13 1
DAMAGE COMBAT B14 5
DAMAGE COMBAT B15 1
SIEGE A 26 1
END TURN 77
TURN 78
COMMAND LEFT START
MOVE A26 26
TRAIN 1
COMMAND LEFT END
COMMAND RIGHT START
MOVE B19 74
MOVE B22 74
MOVE B23 74
MOVE B24 74
MOVE B25 74
COMMAND RIGHT END
TURN 78 RESULT
TIME LEFT 0 5 RIGHT 0 5
TRAIN A27
MOVE A23 13
MOVE A24 13
MOVE A25 13
MOVE A26 10
MOVE B19 88
MOVE B21 51
MOVE B22 88
MOVE B23 88
MOVE B24 88
MOVE B25 88
DAMAGE TURRET B15 1
DAMAGE TURRET B20 1
DAMAGE COMBAT A14 1
DAMAGE COMBAT A15 2
DAMAGE COMBAT B15 3
DAMAGE COMBAT B16 3
SIEGE A 26 1
END TURN 78
TURN 79
COMMAND LEFT START
MOVE A16 0
MOVE A17 0
MOVE A20 0
MOVE A21 0
COMMAND LEFT END
COMMAND RIGHT START
TRAIN 1
COMMAND RIGHT END
TURN 79 RESULT
TIME LEFT 0 5 RIGHT 0 5
TRAIN B26
MOVE A23 19
MOVE A24 19
MOVE A25 19
MOVE A26 13
MOVE B19 82
MOVE B21 53
MOVE B22 82
MOVE B23 82
MOVE B24 82
MOVE B25 82
DAMAGE TURRET B16 1
DAMAGE TURRET B20 1
DAMAGE COMBAT A15 2
DAMAGE COMBAT B16 1
DAMAGE COMBAT B17 4
SIEGE A 26 1
END TURN 79
TURN 80
COMMAND LEFT START
MOVE A27 2
TRAIN 1
COMMAND LEFT END
COMMAND RIGHT START
MOVE B21 74
MOVE B26 77
TRAIN 1
COMMAND RIGHT END
TURN 80 RESULT
TIME LEFT 0 5 RIGHT 0 5
TRAIN A28 B27
MOVE A23 24
MOVE A24 24
MOVE A25 24
MOVE A26 19
MOVE A27 2
MOVE B19 74
MOVE B21 51
MOVE B22 74
MOVE B23 74
MOVE B24 74
MOVE B25 74
MOVE B26 86
DAMAGE TURRET B17 1
DAMAGE TURRET B20 1
DAMAGE COMBAT A15 1
SIEGE A 26 1
END TURN 80
TURN 81
COMMAND LEFT START
COMMAND LEFT END
COMMAND RIGHT START
MOVE B27 74
COMMAND RIGHT END
TURN 81 RESULT
TIME LEFT 16 5 RIGHT 16 5
MOVE A16 0
MOVE A17 0
MOVE A20 0
MOVE A21 0
MOVE A23 26
MOVE A24 26
MOVE A25 26
MOVE A26 24
MOVE B21 54
MOVE B26 77
MOVE B27 92
END TURN 81
TURN 82
COMMAND LEFT START
COMMAND LEFT END
COMMAND RIGHT START
MOVE B19 61
MOVE B22 61
MOVE B23 61
MOVE B24 61
MOVE B25 61
TRAIN 1
COMMAND RIGHT END
TURN 82 RESULT
TIME LEFT 0 5 RIGHT 0 5
TRAIN B28
MOVE A26 26
MOVE B19 71
MOVE B21 58
MOVE B22 71
MOVE B23 71
MOVE B24 71
MOVE B25 71
MOVE B27 88
END TURN 82
TURN 83
COMMAND LEFT START
TRAIN 1
COMMAND LEFT END
COMMAND RIGHT START
MOVE B26 33
MOVE B28 74
COMMAND RIGHT END
TURN 83 RESULT
TIME LEFT 0 5 RIGHT 0 5
TRAIN A29
MOVE B19 61
MOVE B21 63
MOVE B22 61
MOVE B23 61
MOVE B24 61
MOVE B25 61
MOVE B26 67
MOVE B27 82
MOVE B28 92
END TURN 83
TURN 84
COMMAND LEFT START
MOVE A16 17
MOVE A17 17
MOVE A20 17
MOVE A21 17
MOVE A28 17
MOVE A29 17
COMMAND LEFT END
COMMAND RIGHT START
MOVE B19 26
MOVE B22 26
MOVE B23 26
MOVE B24 26
MOVE B25 26
COMMAND RIGHT END
TURN 84 RESULT
TIME LEFT 0 5 RIGHT 0 5
MOVE A16 8
MOVE A17 8
MOVE A20 8
MOVE A21 8
MOVE A28 8
MOVE A29 8
MOVE B19 45
MOVE B21 71
MOVE B22 45
MOVE B23 45
MOVE B24 45
MOVE B25 45
MOVE B26 62
MOVE B27 74
MOVE B28 88
END TURN 84
TURN 85
COMMAND LEFT START
COMMAND LEFT END
COMMAND RIGHT START
MOVE B27 26
TRAIN 1
COMMAND RIGHT END
TURN 85 RESULT
TIME LEFT 16 5 RIGHT 16 5
TRAIN B29
MOVE A16 17
MOVE A17 17
MOVE A20 17
MOVE A21 17
MOVE A28 17
MOVE A29 17
MOVE B19 42
MOVE B21 74
MOVE B22 42
MOVE B23 42
MOVE B24 42
MOVE B25 42
MOVE B26 50
MOVE B27 72
MOVE B28 82
END TURN 85
TURN 86
COMMAND LEFT START
COMMAND LEFT END
COMMAND RIGHT START
COMMAND RIGHT END
TURN 86 RESULT
TIME LEFT 0 5 RIGHT 0 5
MOVE B19 28
MOVE B22 28
MOVE B23 28
MOVE B24 28
MOVE B25 28
MOVE B26 33
MOVE B27 56
MOVE B28 74
END TURN 86
TURN 87
COMMAND LEFT START
MOVE A16 26
MOVE A17 26
MOVE A20 26
MOVE A21 26
MOVE A28 26
MOVE A29 26
TRAIN 1
COMMAND LEFT END
COMMAND RIGHT START
COMMAND RIGHT END
TURN 87 RESULT
TIME LEFT 0 5 RIGHT 0 5
TRAIN A30
MOVE A16 16
MOVE A17 16
MOVE A20 16
MOVE A21 16
MOVE A28 16
MOVE A29 16
MOVE B19 26
MOVE B22 26
MOVE B23 26
MOVE B24 26
MOVE B25 26
MOVE B27 42
DAMAGE TURRET B19 1
DAMAGE COMBAT A23 5
DAMAGE COMBAT B19 4
END TURN 87
TURN 88
COMMAND LEFT START
MOVE A30 26
TRAIN 1
COMMAND LEFT END
COMMAND RIGHT START
MOVE B29 92
TRAIN 1
COMMAND RIGHT END
TURN 88 RESULT
TIME LEFT 0 5 RIGHT 0 5
TRAIN A31 B30
MOVE A16 19
MOVE A17 19
MOVE A20 19
MOVE A21 19
MOVE A28 19
MOVE A29 19
MOVE A30 10
MOVE B27 28
MOVE B29 92
DAMAGE TURRET B22 1
DAMAGE COMBAT A24 4
DAMAGE COMBAT B22 3
END TURN 88
TURN 89
COMMAND LEFT START
MOVE A31 26
TRAIN 1
COMMAND LEFT END
COMMAND RIGHT START
MOVE B29 94
MOVE B30 74
COMMAND RIGHT END
TURN 89 RESULT
TIME LEFT 0 5 RIGHT 15 5
TRAIN A32
MOVE A16 24
MOVE A17 24
MOVE A20 24
MOVE A21 24
MOVE A28 24
MOVE A29 24
MOVE A30 13
MOVE A31 10
MOVE B27 26
MOVE B29 94
MOVE B30 92
DAMAGE TURRET B22 1
DAMAGE COMBAT A24 1
DAMAGE COMBAT A25 4
DAMAGE COMBAT B23 3
END TURN 89
TURN 90
COMMAND LEFT START
MOVE A32 26
TRAIN 1
COMMAND LEFT END
COMMAND RIGHT START
MOVE B23 74
MOVE B24 74
MOVE B25 74
MOVE B27 74
TRAIN 1
COMMAND RIGHT END
TURN 90 RESULT
TIME LEFT 0 5 RIGHT 0 5
TRAIN A33 B31
MOVE A16 26
MOVE A17 26
MOVE A20 26
MOVE A21 26
MOVE A28 26
MOVE A29 26
MOVE A30 19
MOVE A31 13
MOVE A32 10
MOVE B30 88
DAMAGE TURRET B23 1
DAMAGE COMBAT A16 3
DAMAGE COMBAT A25 1
DAMAGE COMBAT B23 1
DAMAGE COMBAT B24 5
DAMAGE COMBAT B25 2
END TURN 90
TURN 91
COMMAND LEFT START
MOVE A33 17
TRAIN 1
COMMAND LEFT END
COMMAND RIGHT START
MOVE B29 92
MOVE B31 92
TRAIN 1
COMMAND RIGHT END
TURN 91 RESULT
TIME LEFT 0 5 RIGHT 0 5
TRAIN A34 B32
MOVE A30 24
MOVE A31 19
MOVE A32 13
MOVE A33 8
MOVE B29 92
MOVE B30 82
MOVE B31 92
DAMAGE TURRET B25 1
DAMAGE COMBAT A16 2
DAMAGE COMBAT B25 2
DAMAGE COMBAT B27 5
END TURN 91
TURN 92
COMMAND LEFT START
MOVE A34 17
COMMAND LEFT END
COMMAND RIGHT START
MOVE B29 74
MOVE B31 74
MOVE B32 77
TRAIN 1
COMMAND RIGHT END
TURN 92 RESULT
TIME LEFT 0 5 RIGHT 0 5
TRAIN B33
MOVE A30 26
MOVE A31 24
MOVE A32 19
MOVE A33 17
MOVE A34 8
MOVE B29 88
MOVE B30 74
MOVE B31 88
MOVE B32 86
END TURN 92
TURN 93
COMMAND LEFT START
COMMAND LEFT END
COMMAND RIGHT START
MOVE B26 53
MOVE B33 77
COMMAND RIGHT END
TURN 93 RESULT
TIME LEFT 16 5 RIGHT 16 5
MOVE A31 26
MOVE A32 24
MOVE A34 17
MOVE B26 37
MOVE B29 82
MOVE B31 82
MOVE B32 77
MOVE B33 86
END TURN 93
TURN 94
COMMAND LEFT START
COMMAND LEFT END
COMMAND RIGHT START
MOVE B32 53
COMMAND RIGHT END
TURN 94 RESULT
TIME LEFT 0 5 RIGHT 0 5
MOVE A32 26
MOVE B26 53
MOVE B29 74
MOVE B31 74
MOVE B32 67
MOVE B33 77
END TURN 94
TURN 95
COMMAND LEFT START
TRAIN 1
COMMAND LEFT END
COMMAND RIGHT START
UPGRADE 53
COMMAND RIGHT END
TURN 95 RESULT
TIME LEFT 0 5 RIGHT 0 5
UPGRADE B 53
TRAIN A35
MOVE B32 65
END TURN 95
TURN 96
COMMAND LEFT START
MOVE A35 17
MOVE A33 53
MOVE A34 53
TRAIN 1
COMMAND LEFT END
COMMAND RIGHT START
MOVE B21 53
MOVE B28 53
MOVE B29 53
MOVE B30 53
MOVE B31 53
MOVE B33 53
COMMAND RIGHT END
TURN 96 RESULT
TIME LEFT 0 5 RIGHT 0 5
TRAIN A36
MOVE A33 30
MOVE A34 30
MOVE A35 8
MOVE B21 71
MOVE B28 71
MOVE B29 71
MOVE B30 71
MOVE B31 71
MOVE B32 59
MOVE B33 67
END TURN 96
TURN 97
COMMAND LEFT START
MOVE A36 17
COMMAND LEFT END
COMMAND RIGHT START
COMMAND RIGHT END
TURN 97 RESULT
TIME LEFT 0 5 RIGHT 0 5
MOVE A33 31
MOVE A34 31
MOVE A35 17
MOVE A36 8
MOVE B21 63
MOVE B28 63
MOVE B29 63
MOVE B30 63
MOVE B31 63
MOVE B32 53
MOVE B33 65
END TURN 97
TURN 98
COMMAND LEFT START
COMMAND LEFT END
COMMAND RIGHT START
TRAIN 1
COMMAND RIGHT END
TURN 98 RESULT
TIME LEFT 15 5 RIGHT 15 5
TRAIN B34
MOVE A33 37
MOVE A34 37
MOVE A36 17
MOVE B21 58
MOVE B28 58
MOVE B29 58
MOVE B30 58
MOVE B31 58
MOVE B33 59
END TURN 98
TURN 99
COMMAND LEFT START
COMMAND LEFT END
COMMAND RIGHT START
MOVE B34 53
TRAIN 1
COMMAND RIGHT END
TURN 99 RESULT
TIME LEFT 0 5 RIGHT 0 5
TRAIN B35
MOVE A33 53
MOVE A34 53
MOVE B21 54
MOVE B28 54
MOVE B29 54
MOVE B30 54
MOVE B31 54
MOVE B33 53
MOVE B34 86
DAMAGE TURRET A33 1
DAMAGE COMBAT A33 3
DAMAGE COMBAT B26 2
END TURN 99
TURN 100
COMMAND LEFT START
MOVE A20 74
MOVE A21 74
MOVE A26 74
MOVE A28 74
MOVE A29 74
MOVE A30 74
MOVE A31 74
MOVE A32 74
MOVE A33 68
MOVE A34 68
TRAIN 1
COMMAND LEFT END
COMMAND RIGHT START
MOVE B35 53
TRAIN 1
COMMAND RIGHT END
TURN 100 RESULT
TIME LEFT 0 5 RIGHT 0 5
TRAIN A37 B36
MOVE A20 28
MOVE A21 28
MOVE A26 28
MOVE A28 28
MOVE A29 28
MOVE A30 28
MOVE A31 28
MOVE A32 28
MOVE B21 51
MOVE B28 51
MOVE B29 51
MOVE B30 51
MOVE B31 51
MOVE B34 77
MOVE B35 86
DAMAGE TURRET A33 1
DAMAGE COMBAT A34 3
DAMAGE COMBAT B26 2
END TURN 100
TURN 101
COMMAND LEFT START
TRAIN 1
COMMAND LEFT END
COMMAND RIGHT START
COMMAND RIGHT END
TURN 101 RESULT
TIME LEFT 0 5 RIGHT 0 5
TRAIN A38
MOVE A20 42
MOVE A21 42
MOVE A26 42
MOVE A28 42
MOVE A29 42
MOVE A30 42
MOVE A31 42
MOVE A32 42
MOVE B21 53
MOVE B28 53
MOVE B29 53
MOVE B30 53
MOVE B31 53
MOVE B34 67
MOVE B35 77
DAMAGE TURRET A34 1
DAMAGE COMBAT A34 1
DAMAGE COMBAT B26 1
END TURN 101
TURN 102
COMMAND LEFT START
TRAIN 1
COMMAND LEFT END
COMMAND RIGHT START
MOVE B28 20
MOVE B29 20
MOVE B30 20
MOVE B31 20
MOVE B32 20
MOVE B33 20
MOVE B36 77
TRAIN 1
COMMAND RIGHT END
TURN 102 RESULT
TIME LEFT 0 5 RIGHT 0 5
TRAIN A39 B37
MOVE A20 56
MOVE A21 56
MOVE A26 56
MOVE A28 56
MOVE A29 56
MOVE A30 56
MOVE A31 56
MOVE A32 56
MOVE B28 37
MOVE B29 37
MOVE B30 37
MOVE B31 37
MOVE B32 37
MOVE B33 37
MOVE B34 65
MOVE B35 67
MOVE B36 86
END TURN 102
TURN 103
COMMAND LEFT START
COMMAND LEFT END
COMMAND RIGHT START
COMMAND RIGHT END
TURN 103 RESULT
TIME LEFT 16 5 RIGHT 16 5
MOVE A20 72
MOVE A21 72
MOVE A26 72
MOVE A28 72
MOVE A29 72
MOVE A30 72
MOVE A31 72
MOVE A32 72
MOVE B28 33
MOVE B29 33
MOVE B30 33
MOVE B31 33
MOVE B32 33
MOVE B33 33
MOVE B34 59
MOVE B35 65
MOVE B36 77
END TURN 103
TURN 104
COMMAND LEFT START
TRAIN 1
COMMAND LEFT END
COMMAND RIGHT START
TRAIN 1
COMMAND RIGHT END
TURN 104 RESULT
TIME LEFT 0 5 RIGHT 0 5
TRAIN A40 B38
MOVE A20 74
MOVE A21 74
MOVE A26 74
MOVE A28 74
MOVE A29 74
MOVE A30 74
MOVE A31 74
MOVE A32 74
MOVE B28 23
MOVE B29 23
MOVE B30 23
MOVE B31 23
MOVE B32 23
MOVE B33 23
MOVE B34 53
MOVE B35 59
DAMAGE TURRET A20 1
DAMAGE COMBAT A20 1
DAMAGE COMBAT B5 4
SIEGE B 74 4
END TURN 104
TURN 105
COMMAND LEFT START
MOVE A37 2
MOVE A38 2
MOVE A39 2
MOVE A40 2
COMMAND LEFT END
COMMAND RIGHT START
MOVE B34 94
MOVE B36 94
TRAIN 1
COMMAND RIGHT END
TURN 105 RESULT
TIME LEFT 0 5 RIGHT 0 5
TRAIN B39
MOVE A37 2
MOVE A38 2
MOVE A39 2
MOVE A40 2
MOVE B28 20
MOVE B29 20
MOVE B30 20
MOVE B31 20
MOVE B32 20
MOVE B33 20
MOVE B34 59
MOVE B35 53
MOVE B36 86
DAMAGE TURRET A20 1
DAMAGE TURRET B28 1
DAMAGE COMBAT A5 4
DAMAGE COMBAT B28 1
SIEGE A 20 2
SIEGE B 74 2
END TURN 105
TURN 106
COMMAND LEFT START
MOVE A37 0
MOVE A38 0
MOVE A39 0
MOVE A40 0
MOVE A20 91
MOVE A21 91
MOVE A26 91
MOVE A28 91
MOVE A29 91
MOVE A30 91
MOVE A31 91
MOVE A32 91
COMMAND LEFT END
COMMAND RIGHT START
MOVE B35 3
MOVE B37 77
MOVE B38 77
MOVE B39 77
TRAIN 1
COMMAND RIGHT END
TURN 106 RESULT
TIME LEFT 0 5 RIGHT 0 5
TRAIN B40
MOVE A20 82
MOVE A21 82
MOVE A26 82
MOVE A28 82
MOVE A29 82
MOVE A30 82
MOVE A31 82
MOVE A32 82
MOVE A37 0
MOVE A38 0
MOVE A39 0
MOVE A40 0
MOVE B34 65
MOVE B35 37
MOVE B36 94
MOVE B37 86
MOVE B38 86
MOVE B39 86
DAMAGE TURRET B28 1
SIEGE A 20 4
END TURN 106
TURN 107
COMMAND LEFT START
MOVE A35 2
MOVE A36 2
COMMAND LEFT END
COMMAND RIGHT START
MOVE B28 3
MOVE B29 3
MOVE B30 3
MOVE B31 3
MOVE B32 3
MOVE B33 3
COMMAND RIGHT END
TURN 107 RESULT
TIME LEFT 16 5 RIGHT 16 5
MOVE A20 91
MOVE A21 91
MOVE A26 91
MOVE A28 91
MOVE A29 91
MOVE A30 91
MOVE A31 91
MOVE A32 91
MOVE A35 8
MOVE A36 8
MOVE B28 12
MOVE B29 12
MOVE B30 12
MOVE B31 12
MOVE B32 12
MOVE B33 12
MOVE B34 67
MOVE B35 31
MOVE B37 77
MOVE B38 77
MOVE B39 77
DAMAGE TURRET A20 1
DAMAGE COMBAT A20 1
DAMAGE COMBAT B4 4
SIEGE B 91 4
END TURN 107
TURN 108
COMMAND LEFT START
TRAIN 1
COMMAND LEFT END
COMMAND RIGHT START
MOVE B37 94
MOVE B38 94
MOVE B39 94
COMMAND RIGHT END
TURN 108 RESULT
TIME LEFT 0 5 RIGHT 0 5
TRAIN A41
MOVE A35 2
MOVE A36 2
MOVE B28 3
MOVE B29 3
MOVE B30 3
MOVE B31 3
MOVE B32 3
MOVE B33 3
MOVE B34 77
MOVE B35 15
MOVE B37 86
MOVE B38 86
MOVE B39 86
DAMAGE TURRET A21 1
DAMAGE TURRET B28 1
DAMAGE COMBAT A4 4
DAMAGE COMBAT B28 1
SIEGE A 3 2
SIEGE B 91 2
END TURN 108
TURN 109
COMMAND LEFT START
MOVE A37 3
MOVE A38 3
MOVE A39 3
MOVE A40 3
MOVE A41 3
MOVE A35 3
MOVE A36 3
TRAIN 1
COMMAND LEFT END
COMMAND RIGHT START
COMMAND RIGHT END
TURN 109 RESULT
TIME LEFT 0 5 RIGHT 0 5
TRAIN A42
MOVE A35 4
MOVE A36 4
MOVE A37 1
MOVE A38 1
MOVE A39 1
MOVE A40 1
MOVE A41 1
MOVE B34 86
MOVE B35 12
MOVE B37 94
MOVE B38 94
MOVE B39 94
DAMAGE TURRET B29 1
SIEGE A 3 4
END TURN 109
TURN 110
COMMAND LEFT START
MOVE A21 77
MOVE A26 77
MOVE A28 77
MOVE A29 77
MOVE A30 77
MOVE A31 77
MOVE A32 77
COMMAND LEFT END
COMMAND RIGHT START
COMMAND RIGHT END
TURN 110 RESULT
TIME LEFT 0 5 RIGHT 0 5
MOVE A21 90
MOVE A26 90
MOVE A28 90
MOVE A29 90
MOVE A30 90
MOVE A31 90
MOVE A32 90
MOVE A35 3
MOVE A36 3
MOVE A37 3
MOVE A38 3
MOVE A39 3
MOVE A40 3
MOVE A41 3
MOVE B34 94
MOVE B35 3
DAMAGE COMBAT A35 5
DAMAGE COMBAT A36 1
DAMAGE COMBAT B29 4
DAMAGE COMBAT B30 3
END TURN 110
TURN 111
COMMAND LEFT START
COMMAND LEFT END
COMMAND RIGHT START
MOVE B34 92
MOVE B36 92
MOVE B37 92
MOVE B38 92
MOVE B39 92
MOVE B40 92
TRAIN 1
COMMAND RIGHT END
TURN 111 RESULT
TIME LEFT 0 5 RIGHT 0 5
TRAIN B41
MOVE A21 88
MOVE A26 88
MOVE A28 88
MOVE A29 88
MOVE A30 88
MOVE A31 88
MOVE A32 88
MOVE B34 92
MOVE B36 92
MOVE B37 92
MOVE B38 92
MOVE B39 92
MOVE B40 92
DAMAGE COMBAT A36 4
DAMAGE COMBAT A37 1
DAMAGE COMBAT B30 2
DAMAGE COMBAT B31 4
END TURN 111
TURN 112
COMMAND LEFT START
COMMAND LEFT END
COMMAND RIGHT START
MOVE B34 77
MOVE B36 77
MOVE B37 77
MOVE B38 77
MOVE B39 77
MOVE B40 77
TRAIN 1
COMMAND RIGHT END
TURN 112 RESULT
TIME LEFT 15 5 RIGHT 15 5
TRAIN B42
MOVE A21 77
MOVE A26 77
MOVE A28 77
MOVE A29 77
MOVE A30 77
MOVE A31 77
MOVE A32 77
MOVE B34 86
MOVE B36 86
MOVE B37 86
MOVE B38 86
MOVE B39 86
MOVE B40 86
DAMAGE TURRET A21 1
DAMAGE COMBAT A21 1
DAMAGE COMBAT A37 4
DAMAGE COMBAT B3 4
DAMAGE COMBAT B31 1
DAMAGE COMBAT B32 4
SIEGE B 77 3
END TURN 112
TURN 113
COMMAND LEFT START
MOVE A21 68
MOVE A26 68
MOVE A28 68
MOVE A29 68
MOVE A30 68
MOVE A31 68
MOVE A32 68
COMMAND LEFT END
COMMAND RIGHT START
MOVE B41 77
MOVE B42 77
COMMAND RIGHT END
TURN 113 RESULT
TIME LEFT 0 5 RIGHT 0 5
MOVE A21 78
MOVE A26 78
MOVE A28 78
MOVE A29 78
MOVE A30 78
MOVE A31 78
MOVE A32 78
MOVE B34 77
MOVE B36 77
MOVE B37 77
MOVE B38 77
MOVE B39 77
MOVE B40 77
MOVE B41 86
MOVE B42 86
DAMAGE COMBAT A38 3
DAMAGE COMBAT B32 1
DAMAGE COMBAT B33 3
END TURN 113
TURN 114
COMMAND LEFT START
COMMAND LEFT END
COMMAND RIGHT START
MOVE B33 68
MOVE B35 68
MOVE B36 94
MOVE B37 94
MOVE B38 94
MOVE B39 94
MOVE B40 94
COMMAND RIGHT END
TURN 114 RESULT
TIME LEFT 0 5 RIGHT 0 5
MOVE A21 75
MOVE A26 75
MOVE A28 75
MOVE A29 75
MOVE A30 75
MOVE A31 75
MOVE A32 75
MOVE B36 86
MOVE B37 86
MOVE B38 86
MOVE B39 86
MOVE B40 86
MOVE B41 77
MOVE B42 77
DAMAGE COMBAT A38 2
DAMAGE COMBAT B33 2
DAMAGE COMBAT B35 2
END TURN 114
TURN 115
COMMAND LEFT START
COMMAND LEFT END
COMMAND RIGHT START
TRAIN 1
COMMAND RIGHT END
TURN 115 RESULT
TIME LEFT 0 5 RIGHT 0 5
TRAIN B43
MOVE A21 70
MOVE A26 70
MOVE A28 70
MOVE A29 70
MOVE A30 70
MOVE A31 70
MOVE A32 70
MOVE B36 94
MOVE B37 94
MOVE B38 94
MOVE B39 94
MOVE B40 94
DAMAGE COMBAT A39 1
DAMAGE COMBAT B35 3
END TURN 115
TURN 116
COMMAND LEFT START
MOVE A42 17
MOVE A39 53
MOVE A40 53
MOVE A41 53
COMMAND LEFT END
COMMAND RIGHT START
MOVE B36 68
MOVE B37 68
MOVE B38 68
MOVE B39 68
MOVE B40 68
MOVE B43 68
TRAIN 1
COMMAND RIGHT END
TURN 116 RESULT
TIME LEFT 16 5 RIGHT 16 5
TRAIN B44
MOVE A21 68
MOVE A26 68
MOVE A28 68
MOVE A29 68
MOVE A30 68
MOVE A31 68
MOVE A32 68
MOVE A39 12
MOVE A40 12
MOVE A41 12
MOVE A42 8
MOVE B36 84
MOVE B37 84
MOVE B38 84
MOVE B39 84
MOVE B40 84
MOVE B43 84
DAMAGE TURRET A21 1
DAMAGE COMBAT A21 1
DAMAGE COMBAT B9 2
SIEGE B 68 5
END TURN 116
TURN 117
COMMAND LEFT START
COMMAND LEFT END
COMMAND RIGHT START
MOVE B41 68
MOVE B42 68
MOVE B44 68
TRAIN 1
COMMAND RIGHT END
TURN 117 RESULT
TIME LEFT 0 5 RIGHT 0 5
TRAIN B45
MOVE A39 15
MOVE A40 15
MOVE A41 15
MOVE A42 17
MOVE B36 81
MOVE B37 81
MOVE B38 81
MOVE B39 81
MOVE B40 81
MOVE B41 78
MOVE B42 78
MOVE B43 81
MOVE B44 84
DAMAGE TURRET A26 1
SIEGE B 68 1
END TURN 117
TURN 118
COMMAND LEFT START
COMMAND LEFT END
COMMAND RIGHT START
MOVE B45 68
COMMAND RIGHT END
TURN 118 RESULT
TIME LEFT 0 5 RIGHT 0 5
MOVE A39 31
MOVE A40 31
MOVE A41 31
MOVE B36 75
MOVE B37 75
MOVE B38 75
MOVE B39 75
MOVE B40 75
MOVE B41 75
MOVE B42 75
MOVE B43 75
MOVE B44 81
MOVE B45 84
END TURN 118
TURN 119
COMMAND LEFT START
MOVE A42 53
COMMAND LEFT END
COMMAND RIGHT START
COMMAND RIGHT END
TURN 119 RESULT
TIME LEFT 0 5 RIGHT 0 5
MOVE A39 37
MOVE A40 37
MOVE A41 37
MOVE A42 30
MOVE B36 70
MOVE B37 70
MOVE B38 70
MOVE B39 70
MOVE B40 70
MOVE B41 70
MOVE B42 70
MOVE B43 70
MOVE B44 75
MOVE B45 81
END TURN 119
TURN 120
COMMAND LEFT START
MOVE A26 77
MOVE A28 77
MOVE A29 77
MOVE A30 77
MOVE A31 77
MOVE A32 77
COMMAND LEFT END
COMMAND RIGHT START
COMMAND RIGHT END
TURN 120 RESULT
TIME LEFT 0 5 RIGHT 0 5
MOVE A26 70
MOVE A28 70
MOVE A29 70
MOVE A30 70
MOVE A31 70
MOVE A32 70
MOVE A39 53
MOVE A40 53
MOVE A41 53
MOVE A42 31
MOVE B36 68
MOVE B37 68
MOVE B38 68
MOVE B39 68
MOVE B40 68
MOVE B41 68
MOVE B42 68
MOVE B43 68
MOVE B44 70
MOVE B45 75
DAMAGE TURRET A39 1
DAMAGE COMBAT A26 1
DAMAGE COMBAT A39 1
DAMAGE COMBAT B21 3
DAMAGE COMBAT B44 5
END TURN 120
TURN 121
COMMAND LEFT START
TRAIN 1
COMMAND LEFT END
COMMAND RIGHT START
MOVE B36 53
MOVE B37 53
MOVE B38 53
MOVE B39 53
MOVE B40 53
MOVE B41 53
MOVE B42 53
MOVE B43 53
COMMAND RIGHT END
TURN 121 RESULT
TIME LEFT 16 5 RIGHT 16 5
TRAIN A43
MOVE A26 75
MOVE A28 75
MOVE A29 75
MOVE A30 75
MOVE A31 75
MOVE A32 75
MOVE A42 37
MOVE B36 66
MOVE B37 66
MOVE B38 66
MOVE B39 66
MOVE B40 66
MOVE B41 66
MOVE B42 66
MOVE B43 66
MOVE B45 70
DAMAGE TURRET A39 1
DAMAGE COMBAT A39 1
DAMAGE COMBAT B21 2
SIEGE B 53 1
END TURN 121
TURN 122
COMMAND LEFT START
COMMAND LEFT END
COMMAND RIGHT START
TRAIN 1
COMMAND RIGHT END
TURN 122 RESULT
TIME LEFT 0 5 RIGHT 0 5
TRAIN B46
MOVE A26 78
MOVE A28 78
MOVE A29 78
MOVE A30 78
MOVE A31 78
MOVE A32 78
MOVE A42 53
MOVE B36 52
MOVE B37 52
MOVE B38 52
MOVE B39 52
MOVE B40 52
MOVE B41 52
MOVE B42 52
MOVE B43 52
MOVE B45 68
DAMAGE TURRET A40 1
SIEGE B 53 3
END TURN 122
TURN 123
COMMAND LEFT START
MOVE A40 77
MOVE A41 77
MOVE A42 77
COMMAND LEFT END
COMMAND RIGHT START
MOVE B45 53
COMMAND RIGHT END
TURN 123 RESULT
TIME LEFT 0 5 RIGHT 0 5
MOVE A26 77
MOVE A28 77
MOVE A29 77
MOVE A30 77
MOVE A31 77
MOVE A32 77
MOVE A40 59
MOVE A41 59
MOVE A42 59
MOVE B36 50
MOVE B37 50
MOVE B38 50
MOVE B39 50
MOVE B40 50
MOVE B41 50
MOVE B42 50
MOVE B43 50
MOVE B45 66
DAMAGE TURRET A26 1
DAMAGE COMBAT A26 1
DAMAGE COMBAT B34 5
SIEGE B 77 1
END TURN 123
TURN 124
COMMAND LEFT START
MOVE A43 17
TRAIN 1
COMMAND LEFT END
COMMAND RIGHT START
TRAIN 1
COMMAND RIGHT END
TURN 124 RESULT
TIME LEFT 0 5 RIGHT 0 5
TRAIN A44 B47
MOVE A40 65
MOVE A41 65
MOVE A42 65
MOVE A43 8
MOVE B36 53
MOVE B37 53
MOVE B38 53
MOVE B39 53
MOVE B40 53
MOVE B41 53
MOVE B42 53
MOVE B43 53
MOVE B45 52
DAMAGE TURRET A26 1
SIEGE B 77 2
END TURN 124
TURN 125
COMMAND LEFT START
MOVE A44 17
COMMAND LEFT END
COMMAND RIGHT START
COMMAND RIGHT END
TURN 125 RESULT
TIME LEFT 15 5 RIGHT 15 5
MOVE A40 67
MOVE A41 67
MOVE A42 67
MOVE A43 17
MOVE A44 8
MOVE B45 50
END TURN 125
TURN 126
COMMAND LEFT START
COMMAND LEFT END
COMMAND RIGHT START
MOVE B37 94
MOVE B38 94
MOVE B39 94
MOVE B40 94
MOVE B41 94
MOVE B42 94
MOVE B43 94
COMMAND RIGHT END
TURN 126 RESULT
TIME LEFT 0 5 RIGHT 0 5
MOVE A40 77
MOVE A41 77
MOVE A42 77
MOVE A44 17
MOVE B37 59
MOVE B38 59
MOVE B39 59
MOVE B40 59
MOVE B41 59
MOVE B42 59
MOVE B43 59
MOVE B45 53
END TURN 126
TURN 127
COMMAND LEFT START
MOVE A40 92
MOVE A28 92
MOVE A29 92
MOVE A30 92
MOVE A31 92
MOVE A32 92
MOVE A41 92
MOVE A42 92
COMMAND LEFT END
COMMAND RIGHT START
MOVE B45 94
COMMAND RIGHT END
TURN 127 RESULT
TIME LEFT 0 5 RIGHT 0 5
MOVE A28 86
MOVE A29 86
MOVE A30 86
MOVE A31 86
MOVE A32 86
MOVE A40 86
MOVE A41 86
MOVE A42 86
MOVE B37 65
MOVE B38 65
MOVE B39 65
MOVE B40 65
MOVE B41 65
MOVE B42 65
MOVE B43 65
MOVE B45 59
END TURN 127
TURN 128
COMMAND LEFT START
COMMAND LEFT END
COMMAND RIGHT START
TRAIN 1
COMMAND RIGHT END
TURN 128 RESULT
TIME LEFT 0 5 RIGHT 0 5
TRAIN B48
MOVE A28 92
MOVE A29 92
MOVE A30 92
MOVE A31 92
MOVE A32 92
MOVE A40 92
MOVE A41 92
MOVE A42 92
MOVE B37 67
MOVE B38 67
MOVE B39 67
MOVE B40 67
MOVE B41 67
MOVE B42 67
MOVE B43 67
MOVE B45 65
DAMAGE TURRET A40 1
DAMAGE COMBAT A40 1
DAMAGE COMBAT B2 4
SIEGE B 92 4
END TURN 128
TURN 129
COMMAND LEFT START
COMMAND LEFT END
COMMAND RIGHT START
COMMAND RIGHT END
TURN 129 RESULT
TIME LEFT 0 5 RIGHT 0 5
MOVE B37 77
MOVE B38 77
MOVE B39 77
MOVE B40 77
MOVE B41 77
MOVE B42 77
MOVE B43 77
MOVE B45 67
DAMAGE TURRET A40 1
SIEGE B 92 2
END TURN 129
TURN 130
COMMAND LEFT START
TRAIN 1
COMMAND LEFT END
COMMAND RIGHT START
COMMAND RIGHT END
TURN 130 RESULT
TIME LEFT 16 5 RIGHT 16 5
TRAIN A45
MOVE B37 86
MOVE B38 86
MOVE B39 86
MOVE B40 86
MOVE B41 86
MOVE B42 86
MOVE B43 86
MOVE B45 77
END TURN 130
TURN 131
COMMAND LEFT START
MOVE A45 17
MOVE A40 53
MOVE A28 53
MOVE A29 53
MOVE A30 53
MOVE A31 53
MOVE A32 53
MOVE A41 53
MOVE A42 53
TRAIN 1
COMMAND LEFT END
COMMAND RIGHT START
COMMAND RIGHT END
TURN 131 RESULT
TIME LEFT 0 5 RIGHT 0 5
TRAIN A46
MOVE A28 86
MOVE A29 86
MOVE A30 86
MOVE A31 86
MOVE A32 86
MOVE A40 86
MOVE A41 86
MOVE A42 86
MOVE A45 8
MOVE B37 94
MOVE B38 94
MOVE B39 94
MOVE B40 94
MOVE B41 94
MOVE B42 94
MOVE B43 94
MOVE B45 86
DAMAGE COMBAT A40 1
DAMAGE COMBAT B45 5
END TURN 131
TURN 132
COMMAND LEFT START
MOVE A46 17
MOVE A43 53
MOVE A44 53
COMMAND LEFT END
COMMAND RIGHT START
COMMAND RIGHT END
TURN 132 RESULT
TIME LEFT 0 5 RIGHT 0 5
MOVE A28 77
MOVE A29 77
MOVE A30 77
MOVE A31 77
MOVE A32 77
MOVE A41 77
MOVE A42 77
MOVE A43 30
MOVE A44 30
MOVE A45 17
MOVE A46 8
END TURN 132
TURN 133
COMMAND LEFT START
MOVE A45 53
COMMAND LEFT END
COMMAND RIGHT START
COMMAND RIGHT END
TURN 133 RESULT
TIME LEFT 0 5 RIGHT 0 5
MOVE A28 67
MOVE A29 67
MOVE A30 67
MOVE A31 67
MOVE A32 67
MOVE A41 67
MOVE A42 67
MOVE A43 31
MOVE A44 31
MOVE A45 30
MOVE A46 17
END TURN 133
TURN 134
COMMAND LEFT START
MOVE A46 53
COMMAND LEFT END
COMMAND RIGHT START
MOVE B37 53
MOVE B38 53
MOVE B39 53
MOVE B40 53
MOVE B41 53
MOVE B42 53
MOVE B43 53
MOVE B46 53
MOVE B47 53
MOVE B48 53
COMMAND RIGHT END
TURN 134 RESULT
TIME LEFT 0 5 RIGHT 0 5
MOVE A28 65
MOVE A29 65
MOVE A30 65
MOVE A31 65
MOVE A32 65
MOVE A41 65
MOVE A42 65
MOVE A43 37
MOVE A44 37
MOVE A45 31
MOVE A46 30
MOVE B37 86
MOVE B38 86
MOVE B39 86
MOVE B40 86
MOVE B41 86
MOVE B42 86
MOVE B43 86
MOVE B46 86
MOVE B47 86
MOVE B48 86
END TURN 134
TURN 135
COMMAND LEFT START
COMMAND LEFT END
COMMAND RIGHT START
COMMAND RIGHT END
TURN 135 RESULT
TIME LEFT 0 5 RIGHT 0 5
MOVE A28 59
MOVE A29 59
MOVE A30 59
MOVE A31 59
MOVE A32 59
MOVE A41 59
MOVE A42 59
MOVE A43 53
MOVE A44 53
MOVE A45 37
MOVE A46 31
MOVE B37 77
MOVE B38 77
MOVE B39 77
MOVE B40 77
MOVE B41 77
MOVE B42 77
MOVE B43 77
MOVE B46 77
MOVE B47 77
MOVE B48 77
DAMAGE TURRET A43 1
DAMAGE COMBAT A43 1
DAMAGE COMBAT B36 2
END TURN 135
TURN 136
COMMAND LEFT START
COMMAND LEFT END
COMMAND RIGHT START
COMMAND RIGHT END
TURN 136 RESULT
TIME LEFT 15 5 RIGHT 15 5
MOVE A28 53
MOVE A29 53
MOVE A30 53
MOVE A31 53
MOVE A32 53
MOVE A41 53
MOVE A42 53
MOVE A45 53
MOVE A46 37
MOVE B37 67
MOVE B38 67
MOVE B39 67
MOVE B40 67
MOVE B41 67
MOVE B42 67
MOVE B43 67
MOVE B46 67
MOVE B47 67
MOVE B48 67
DAMAGE TURRET A43 1
DAMAGE COMBAT A43 1
DAMAGE COMBAT B36 3
SIEGE B 53 2
END TURN 136
TURN 137
COMMAND LEFT START
MOVE A43 94
MOVE A28 94
MOVE A29 94
MOVE A30 94
MOVE A31 94
MOVE A32 94
MOVE A41 94
MOVE A42 94
MOVE A44 94
MOVE A45 94
COMMAND LEFT END
COMMAND RIGHT START
COMMAND RIGHT END
TURN 137 RESULT
TIME LEFT 0 5 RIGHT 0 5
MOVE A28 59
MOVE A29 59
MOVE A30 59
MOVE A31 59
MOVE A32 59
MOVE A41 59
MOVE A42 59
MOVE A43 59
MOVE A44 59
MOVE A45 59
MOVE A46 53
MOVE B37 65
MOVE B38 65
MOVE B39 65
MOVE B40 65
MOVE B41 65
MOVE B42 65
MOVE B43 65
MOVE B46 65
MOVE B47 65
MOVE B48 65
END TURN 137
TURN 138
COMMAND LEFT START
MOVE A46 94
COMMAND LEFT END
COMMAND RIGHT START
COMMAND RIGHT END
TURN 138 RESULT
TIME LEFT 0 5 RIGHT 0 5
MOVE A28 65
MOVE A29 65
MOVE A30 65
MOVE A31 65
MOVE A32 65
MOVE A41 65
MOVE A42 65
MOVE A43 65
MOVE A44 65
MOVE A45 65
MOVE A46 59
MOVE B37 59
MOVE B38 59
MOVE B39 59
MOVE B40 59
MOVE B41 59
MOVE B42 59
MOVE B43 59
MOVE B46 59
MOVE B47 59
MOVE B48 59
DAMAGE COMBAT A46 5
DAMAGE COMBAT B37 1
END TURN 138
TURN 139
COMMAND LEFT START
TRAIN 1
COMMAND LEFT END
COMMAND RIGHT START
COMMAND RIGHT END
TURN 139 RESULT
TIME LEFT 0 5 RIGHT 0 5
TRAIN A47
MOVE A28 67
MOVE A29 67
MOVE A30 67
MOVE A31 67
MOVE A32 67
MOVE A41 67
MOVE A42 67
MOVE A43 67
MOVE A44 67
MOVE A45 67
MOVE B37 53
MOVE B38 53
MOVE B39 53
MOVE B40 53
MOVE B41 53
MOVE B42 53
MOVE B43 53
MOVE B46 53
MOVE B47 53
MOVE B48 53
END TURN 139
TURN 140
COMMAND LEFT START
MOVE A47 17
COMMAND LEFT END
COMMAND RIGHT START
MOVE B37 94
MOVE B38 94
MOVE B39 94
MOVE B40 94
MOVE B41 94
MOVE B42 94
MOVE B43 94
MOVE B46 94
MOVE B47 94
MOVE B48 94
COMMAND RIGHT END
TURN 140 RESULT
TIME LEFT 0 5 RIGHT 0 5
MOVE A28 77
MOVE A29 77
MOVE A30 77
MOVE A31 77
MOVE A32 77
MOVE A41 77
MOVE A42 77
MOVE A43 77
MOVE A44 77
MOVE A45 77
MOVE A47 8
MOVE B37 59
MOVE B38 59
MOVE B39 59
MOVE B40 59
MOVE B41 59
MOVE B42 59
MOVE B43 59
MOVE B46 59
MOVE B47 59
MOVE B48 59
END TURN 140
TURN 141
COMMAND LEFT START
COMMAND LEFT END
COMMAND RIGHT START
COMMAND RIGHT END
TURN 141 RESULT
TIME LEFT 16 5 RIGHT 16 5
MOVE A28 86
MOVE A29 86
MOVE A30 86
MOVE A31 86
MOVE A32 86
MOVE A41 86
MOVE A42 86
MOVE A43 86
MOVE A44 86
MOVE A45 86
MOVE A47 17
MOVE B37 65
MOVE B38 65
MOVE B39 65
MOVE B40 65
MOVE B41 65
MOVE B42 65
MOVE B43 65
MOVE B46 65
MOVE B47 65
MOVE B48 65
END TURN 141
TURN 142
COMMAND LEFT START
TRAIN 1
COMMAND LEFT END
COMMAND RIGHT START
TRAIN 1
COMMAND RIGHT END
TURN 142 RESULT
TIME LEFT 0 5 RIGHT 0 5
TRAIN A48 B49
MOVE A28 94
MOVE A29 94
MOVE A30 94
MOVE A31 94
MOVE A32 94
MOVE A41 94
MOVE A42 94
MOVE A43 94
MOVE A44 94
MOVE A45 94
MOVE B37 67
MOVE B38 67
MOVE B39 67
MOVE B40 67
MOVE B41 67
MOVE B42 67
MOVE B43 67
MOVE B46 67
MOVE B47 67
MOVE B48 67
DAMAGE TURRET A28 1
DAMAGE TURRET A43 1
DAMAGE COMBAT A28 3
DAMAGE COMBAT B1 4
DAMAGE COMBAT B7 5
DAMAGE COMBAT B49 1
END TURN 142
TURN 143
COMMAND LEFT START
MOVE A48 61
MOVE A47 94
COMMAND LEFT END
COMMAND RIGHT START
COMMAND RIGHT END
TURN 143 RESULT
TIME LEFT 0 5 RIGHT 0 5
MOVE A47 27
MOVE A48 8
MOVE B37 77
MOVE B38 77
MOVE B39 77
MOVE B40 77
MOVE B41 77
MOVE B42 77
MOVE B43 77
MOVE B46 77
MOVE B47 77
MOVE B48 77
DAMAGE TURRET A28 1
DAMAGE TURRET A29 1
DAMAGE COMBAT A29 1
DAMAGE COMBAT B49 4
SIEGE B 94 5
END TURN 143
TURN 144
COMMAND LEFT START
COMMAND LEFT END
COMMAND RIGHT START
COMMAND RIGHT END
TURN 144 RESULT
TIME LEFT 0 5 RIGHT 0 5
MOVE A47 29
MOVE A48 17
MOVE B37 86
MOVE B38 86
MOVE B39 86
MOVE B40 86
MOVE B41 86
MOVE B42 86
MOVE B43 86
MOVE B46 86
MOVE B47 86
MOVE B48 86
DAMAGE TURRET A29 2
SIEGE B 94 8
END TURN 144
TURN 145
COMMAND LEFT START
TRAIN 1
COMMAND LEFT END
COMMAND RIGHT START
COMMAND RIGHT END
TURN 145 RESULT
TIME LEFT 0 5 RIGHT 0 5
TRAIN A49
MOVE A47 35
MOVE A48 27
MOVE B37 94
MOVE B38 94
MOVE B39 94
MOVE B40 94
MOVE B41 94
MOVE B42 94
MOVE B43 94
MOVE B46 94
MOVE B47 94
MOVE B48 94
DAMAGE TURRET A29 1
DAMAGE TURRET A30 1
DAMAGE COMBAT A30 4
DAMAGE COMBAT A31 5
DAMAGE COMBAT A32 1
DAMAGE COMBAT B37 4
DAMAGE COMBAT B38 4
END TURN 145
TURN 146
COMMAND LEFT START
MOVE A49 17
TRAIN 1
COMMAND LEFT END
COMMAND RIGHT START
COMMAND RIGHT END
TURN 146 RESULT
TIME LEFT 16 5 RIGHT 16 5
TRAIN A50
MOVE A47 43
MOVE A48 32
MOVE A49 8
DAMAGE TURRET A32 2
DAMAGE COMBAT A32 2
DAMAGE COMBAT A41 5
DAMAGE COMBAT A42 2
DAMAGE COMBAT B38 1
DAMAGE COMBAT B39 4
END TURN 146
TURN 147
COMMAND LEFT START
MOVE A50 17
MOVE A42 91
MOVE A44 91
MOVE A45 91
TRAIN 1
COMMAND LEFT END
COMMAND RIGHT START
COMMAND RIGHT END
TURN 147 RESULT
TIME LEFT 0 5 RIGHT 0 5
TRAIN A51
MOVE A47 46
MOVE A48 44
MOVE A49 17
MOVE A50 8
DAMAGE TURRET A42 2
DAMAGE COMBAT A42 1
DAMAGE COMBAT A44 5
DAMAGE COMBAT A45 2
DAMAGE COMBAT B39 1
DAMAGE COMBAT B40 2
END TURN 147
TURN 148
COMMAND LEFT START
MOVE A51 17
COMMAND LEFT END
COMMAND RIGHT START
COMMAND RIGHT END
TURN 148 RESULT
TIME LEFT 0 5 RIGHT 0 5
MOVE A47 58
MOVE A48 61
MOVE A50 17
MOVE A51 8
DAMAGE TURRET A45 2
DAMAGE COMBAT A45 1
DAMAGE COMBAT B40 1
END TURN 148
TURN 149
COMMAND LEFT START
COMMAND LEFT END
COMMAND RIGHT START
COMMAND RIGHT END
TURN 149 RESULT
TIME LEFT 0 5 RIGHT 0 5
MOVE A47 64
MOVE A51 17
END TURN 149
TURN 150
COMMAND LEFT START
TRAIN 1
COMMAND LEFT END
COMMAND RIGHT START
COMMAND RIGHT END
TURN 150 RESULT
TIME LEFT 0 5 RIGHT 0 5
TRAIN A52
MOVE A47 80
END TURN 150
TURN 151
COMMAND LEFT START
MOVE A52 17
COMMAND LEFT END
COMMAND RIGHT START
COMMAND RIGHT END
TURN 151 RESULT
TIME LEFT 0 5 RIGHT 0 5
MOVE A47 88
MOVE A52 8
END TURN 151
TURN 152
COMMAND LEFT START
TRAIN 1
COMMAND LEFT END
COMMAND RIGHT START
COMMAND RIGHT END
TURN 152 RESULT
TIME LEFT 0 5 RIGHT 0 5
TRAIN A53
MOVE A47 92
MOVE A52 17
END TURN 152
TURN 153
COMMAND LEFT START
MOVE A53 17
COMMAND LEFT END
COMMAND RIGHT START
COMMAND RIGHT END
TURN 153 RESULT
TIME LEFT 0 5 RIGHT 0 5
MOVE A47 94
MOVE A53 8
DAMAGE TURRET A47 2
DAMAGE COMBAT A47 3
DAMAGE COMBAT B40 1
END TURN 153
TURN 154
COMMAND LEFT START
TRAIN 1
COMMAND LEFT END
COMMAND RIGHT START
COMMAND RIGHT END
TURN 154 RESULT
TIME LEFT 0 5 RIGHT 0 5
TRAIN A54
MOVE A53 17
END TURN 154
TURN 155
COMMAND LEFT START
MOVE A54 17
MOVE A49 74
MOVE A50 74
MOVE A51 74
MOVE A52 74
MOVE A53 74
COMMAND LEFT END
COMMAND RIGHT START
COMMAND RIGHT END
TURN 155 RESULT
TIME LEFT 0 5 RIGHT 0 5
MOVE A49 27
MOVE A50 27
MOVE A51 27
MOVE A52 27
MOVE A53 27
MOVE A54 8
END TURN 155
TURN 156
COMMAND LEFT START
MOVE A48 74
COMMAND LEFT END
COMMAND RIGHT START
COMMAND RIGHT END
TURN 156 RESULT
TIME LEFT 16 5 RIGHT 16 5
MOVE A48 71
MOVE A49 32
MOVE A50 32
MOVE A51 32
MOVE A52 32
MOVE A53 32
MOVE A54 17
END TURN 156
TURN 157
COMMAND LEFT START
MOVE A54 74
COMMAND LEFT END
COMMAND RIGHT START
COMMAND RIGHT END
TURN 157 RESULT
TIME LEFT 0 5 RIGHT 0 5
MOVE A48 74
MOVE A49 44
MOVE A50 44
MOVE A51 44
MOVE A52 44
MOVE A53 44
MOVE A54 27
END TURN 157
TURN 158
COMMAND LEFT START
COMMAND LEFT END
COMMAND RIGHT START
COMMAND RIGHT END
TURN 158 RESULT
TIME LEFT 0 5 RIGHT 0 5
MOVE A49 61
MOVE A50 61
MOVE A51 61
MOVE A52 61
MOVE A53 61
MOVE A54 32
END TURN 158
TURN 159
COMMAND LEFT START
COMMAND LEFT END
COMMAND RIGHT START
COMMAND RIGHT END
TURN 159 RESULT
TIME LEFT 0 5 RIGHT 0 5
MOVE A49 71
MOVE A50 71
MOVE A51 71
MOVE A52 71
MOVE A53 71
MOVE A54 44
END TURN 159
TURN 160
COMMAND LEFT START
COMMAND LEFT END
COMMAND RIGHT START
COMMAND RIGHT END
TURN 160 RESULT
TIME LEFT 0 5 RIGHT 0 5
MOVE A49 74
MOVE A50 74
MOVE A51 74
MOVE A52 74
MOVE A53 74
MOVE A54 61
END TURN 160
TURN 161
COMMAND LEFT START
UPGRADE 74
COMMAND LEFT END
COMMAND RIGHT START
COMMAND RIGHT END
TURN 161 RESULT
TIME LEFT 0 5 RIGHT 0 5
UPGRADE A 74
MOVE A54 71
END TURN 161
TURN 162
COMMAND LEFT START
COMMAND LEFT END
COMMAND RIGHT START
COMMAND RIGHT END
TURN 162 RESULT
TIME LEFT 0 5 RIGHT 0 5
MOVE A54 74
END TURN 162
TURN 163
COMMAND LEFT START
TRAIN 1
COMMAND LEFT END
COMMAND RIGHT START
TRAIN 1
COMMAND RIGHT END
TURN 163 RESULT
TIME LEFT 0 5 RIGHT 0 5
TRAIN A55 B50
END TURN 163
TURN 164
COMMAND LEFT START
MOVE A55 74
COMMAND LEFT END
COMMAND RIGHT START
TRAIN 1
COMMAND RIGHT END
TURN 164 RESULT
TIME LEFT 0 5 RIGHT 0 5
TRAIN B51
MOVE A55 8
END TURN 164
TURN 165
COMMAND LEFT START
TRAIN 1
COMMAND LEFT END
COMMAND RIGHT START
COMMAND RIGHT END
TURN 165 RESULT
TIME LEFT 0 5 RIGHT 0 5
TRAIN A56
MOVE A55 17
END TURN 165
TURN 166
COMMAND LEFT START
MOVE A56 74
COMMAND LEFT END
COMMAND RIGHT START
COMMAND RIGHT END
TURN 166 RESULT
TIME LEFT 0 5 RIGHT 0 5
MOVE A55 27
MOVE A56 8
END TURN 166
TURN 167
COMMAND LEFT START
TRAIN 1
COMMAND LEFT END
COMMAND RIGHT START
COMMAND RIGHT END
TURN 167 RESULT
TIME LEFT 0 5 RIGHT 0 5
TRAIN A57
MOVE A55 32
MOVE A56 17
END TURN 167
TURN 168
COMMAND LEFT START
MOVE A57 74
COMMAND LEFT END
COMMAND RIGHT START
COMMAND RIGHT END
TURN 168 RESULT
TIME LEFT 0 5 RIGHT 0 5
MOVE A55 44
MOVE A56 27
MOVE A57 8
END TURN 168
TURN 169
COMMAND LEFT START
TRAIN 1
COMMAND LEFT END
COMMAND RIGHT START
COMMAND RIGHT END
TURN 169 RESULT
TIME LEFT 15 5 RIGHT 15 5
TRAIN A58
MOVE A55 61
MOVE A56 32
MOVE A57 17
END TURN 169
TURN 170
COMMAND LEFT START
MOVE A58 74
COMMAND LEFT END
COMMAND RIGHT START
COMMAND RIGHT END
TURN 170 RESULT
TIME LEFT 0 5 RIGHT 0 5
MOVE A55 71
MOVE A56 44
MOVE A57 27
MOVE A58 8
END TURN 170
TURN 171
COMMAND LEFT START
TRAIN 1
COMMAND LEFT END
COMMAND RIGHT START
COMMAND RIGHT END
TURN 171 RESULT
TIME LEFT 0 5 RIGHT 0 5
TRAIN A59
MOVE A55 74
MOVE A56 61
MOVE A57 32
MOVE A58 17
END TURN 171
TURN 172
COMMAND LEFT START
MOVE A59 74
COMMAND LEFT END
COMMAND RIGHT START
COMMAND RIGHT END
TURN 172 RESULT
TIME LEFT 0 5 RIGHT 0 5
MOVE A56 71
MOVE A57 44
MOVE A58 27
MOVE A59 8
END TURN 172
TURN 173
COMMAND LEFT START
TRAIN 1
COMMAND LEFT END
COMMAND RIGHT START
COMMAND RIGHT END
TURN 173 RESULT
TIME LEFT 0 5 RIGHT 0 5
TRAIN A60
MOVE A56 74
MOVE A57 61
MOVE A58 32
MOVE A59 17
END TURN 173
TURN 174
COMMAND LEFT START
MOVE A60 94
COMMAND LEFT END
COMMAND RIGHT START
COMMAND RIGHT END
TURN 174 RESULT
TIME LEFT 0 5 RIGHT 0 5
MOVE A57 71
MOVE A58 44
MOVE A59 27
MOVE A60 2
END TURN 174
TURN 175
COMMAND LEFT START
COMMAND LEFT END
COMMAND RIGHT START
COMMAND RIGHT END
TURN 175 RESULT
TIME LEFT 16 5 RIGHT 16 5
MOVE A57 74
MOVE A58 61
MOVE A59 32
MOVE A60 6
END TURN 175
TURN 176
COMMAND LEFT START
TRAIN 1
COMMAND LEFT END
COMMAND RIGHT START
COMMAND RIGHT END
TURN 176 RESULT
TIME LEFT 0 5 RIGHT 0 5
TRAIN A61
MOVE A58 71
MOVE A59 44
MOVE A60 14
END TURN 176
TURN 177
COMMAND LEFT START
MOVE A61 94
COMMAND LEFT END
COMMAND RIGHT START
COMMAND RIGHT END
TURN 177 RESULT
TIME LEFT 0 5 RIGHT 0 5
MOVE A58 74
MOVE A59 61
MOVE A60 30
MOVE A61 2
END TURN 177
TURN 178
COMMAND LEFT START
TRAIN 1
COMMAND LEFT END
COMMAND RIGHT START
TRAIN 1
COMMAND RIGHT END
TURN 178 RESULT
TIME LEFT 0 5 RIGHT 0 5
TRAIN A62 B52
MOVE A59 71
MOVE A60 40
MOVE A61 6
END TURN 178
TURN 179
COMMAND LEFT START
MOVE A62 94
COMMAND LEFT END
COMMAND RIGHT START
COMMAND RIGHT END
TURN 179 RESULT
TIME LEFT 0 5 RIGHT 0 5
MOVE A59 74
MOVE A60 47
MOVE A61 14
MOVE A62 2
END TURN 179
TURN 180
COMMAND LEFT START
MOVE A49 94
MOVE A50 94
MOVE A51 94
MOVE A52 94
MOVE A53 94
MOVE A54 94
MOVE A55 94
MOVE A56 94
MOVE A57 94
MOVE A58 94
MOVE A59 94
COMMAND LEFT END
COMMAND RIGHT START
COMMAND RIGHT END
TURN 180 RESULT
TIME LEFT 0 5 RIGHT 0 5
MOVE A49 82
MOVE A50 82
MOVE A51 82
MOVE A52 82
MOVE A53 82
MOVE A54 82
MOVE A55 82
MOVE A56 82
MOVE A57 82
MOVE A58 82
MOVE A59 82
MOVE A60 54
MOVE A61 30
MOVE A62 6
END TURN 180
TURN 181
COMMAND LEFT START
COMMAND LEFT END
COMMAND RIGHT START
COMMAND RIGHT END
TURN 181 RESULT
TIME LEFT 15 5 RIGHT 15 5
MOVE A49 88
MOVE A50 88
MOVE A51 88
MOVE A52 88
MOVE A53 88
MOVE A54 88
MOVE A55 88
MOVE A56 88
MOVE A57 88
MOVE A58 88
MOVE A59 88
MOVE A60 64
MOVE A61 40
MOVE A62 14
END TURN 181
TURN 182
COMMAND LEFT START
COMMAND LEFT END
COMMAND RIGHT START
COMMAND RIGHT END
TURN 182 RESULT
TIME LEFT 0 5 RIGHT 0 5
MOVE A49 92
MOVE A50 92
MOVE A51 92
MOVE A52 92
MOVE A53 92
MOVE A54 92
MOVE A55 92
MOVE A56 92
MOVE A57 92
MOVE A58 92
MOVE A59 92
MOVE A60 80
MOVE A61 47
MOVE A62 30
END TURN 182
TURN 183
COMMAND LEFT START
TRAIN 1
COMMAND LEFT END
COMMAND RIGHT START
COMMAND RIGHT END
TURN 183 RESULT
TIME LEFT 0 5 RIGHT 0 5
TRAIN A63
MOVE A49 94
MOVE A50 94
MOVE A51 94
MOVE A52 94
MOVE A53 94
MOVE A54 94
MOVE A55 94
MOVE A56 94
MOVE A57 94
MOVE A58 94
MOVE A59 94
MOVE A60 88
MOVE A61 54
MOVE A62 40
DAMAGE TURRET A49 2
DAMAGE COMBAT A49 3
DAMAGE COMBAT A50 5
DAMAGE COMBAT A51 2
DAMAGE COMBAT B40 1
DAMAGE COMBAT B41 5
DAMAGE COMBAT B42 5
END TURN 183
TURN 184
COMMAND LEFT START
MOVE A63 74
COMMAND LEFT END
COMMAND RIGHT START
TRAIN 1
COMMAND RIGHT END
TURN 184 RESULT
TIME LEFT 0 5 RIGHT 0 5
TRAIN B53
MOVE A60 92
MOVE A61 64
MOVE A62 47
MOVE A63 8
DAMAGE TURRET A51 2
DAMAGE COMBAT A51 1
DAMAGE COMBAT A52 5
DAMAGE COMBAT A53 2
DAMAGE COMBAT B43 5
DAMAGE COMBAT B46 4
END TURN 184
TURN 185
COMMAND LEFT START
TRAIN 1
COMMAND LEFT END
COMMAND RIGHT START
COMMAND RIGHT END
TURN 185 RESULT
TIME LEFT 0 5 RIGHT 0 5
TRAIN A64
MOVE A60 94
MOVE A61 80
MOVE A62 54
MOVE A63 17
DAMAGE TURRET A53 2
DAMAGE COMBAT A53 1
DAMAGE COMBAT A54 5
DAMAGE COMBAT A55 1
DAMAGE COMBAT B46 1
DAMAGE COMBAT B47 5
DAMAGE COMBAT B48 2
END TURN 185
TURN 186
COMMAND LEFT START
MOVE A64 94
COMMAND LEFT END
COMMAND RIGHT START
COMMAND RIGHT END
TURN 186 RESULT
TIME LEFT 16 5 RIGHT 16 5
MOVE A61 88
MOVE A62 64
MOVE A63 27
MOVE A64 2
DAMAGE TURRET A55 2
DAMAGE COMBAT A55 2
DAMAGE COMBAT A56 3
DAMAGE COMBAT B48 3
DAMAGE COMBAT B50 3
END TURN 186
TURN 187
COMMAND LEFT START
TRAIN 1
COMMAND LEFT END
COMMAND RIGHT START
TRAIN 1
COMMAND RIGHT END
TURN 187 RESULT
TIME LEFT 0 5 RIGHT 0 5
TRAIN A65 B54
MOVE A61 92
MOVE A62 80
MOVE A63 32
MOVE A64 6
DAMAGE TURRET A56 2
DAMAGE COMBAT A57 5
DAMAGE COMBAT B50 2
DAMAGE COMBAT B51 3
END TURN 187
TURN 188
COMMAND LEFT START
MOVE A65 74
COMMAND LEFT END
COMMAND RIGHT START
COMMAND RIGHT END
TURN 188 RESULT
TIME LEFT 0 5 RIGHT 0 5
MOVE A61 94
MOVE A62 88
MOVE A63 44
MOVE A64 14
MOVE A65 8
DAMAGE TURRET A58 2
DAMAGE COMBAT A58 3
DAMAGE COMBAT A59 1
DAMAGE COMBAT B51 2
DAMAGE COMBAT B52 2
END TURN 188
TURN 189
COMMAND LEFT START
TRAIN 1
COMMAND LEFT END
COMMAND RIGHT START
COMMAND RIGHT END
TURN 189 RESULT
TIME LEFT 0 5 RIGHT 0 5
TRAIN A66
MOVE A62 92
MOVE A63 61
MOVE A64 30
MOVE A65 17
DAMAGE TURRET A59 2
DAMAGE COMBAT A59 2
DAMAGE COMBAT A60 1
DAMAGE COMBAT B52 3
END TURN 189
TURN 190
COMMAND LEFT START
MOVE A66 74
COMMAND LEFT END
COMMAND RIGHT START
COMMAND RIGHT END
TURN 190 RESULT
TIME LEFT 0 5 RIGHT 0 5
MOVE A62 94
MOVE A63 71
MOVE A64 40
MOVE A65 27
MOVE A66 8
DAMAGE TURRET A60 2
DAMAGE COMBAT A60 2
DAMAGE COMBAT B53 3
END TURN 190
TURN 191
COMMAND LEFT START
TRAIN 1
COMMAND LEFT END
COMMAND RIGHT START
TRAIN 1
COMMAND RIGHT END
TURN 191 RESULT
TIME LEFT 0 5 RIGHT 0 5
TRAIN A67 B55
MOVE A63 74
MOVE A64 47
MOVE A65 32
MOVE A66 17
DAMAGE TURRET A61 2
DAMAGE COMBAT A61 3
DAMAGE COMBAT B53 2
END TURN 191
TURN 192
COMMAND LEFT START
MOVE A67 74
COMMAND LEFT END
COMMAND RIGHT START
COMMAND RIGHT END
TURN 192 RESULT
TIME LEFT 16 5 RIGHT 16 5
MOVE A64 54
MOVE A65 44
MOVE A66 27
MOVE A67 8
DAMAGE TURRET A62 2
DAMAGE COMBAT A62 2
DAMAGE COMBAT B54 1
END TURN 192
TURN 193
COMMAND LEFT START
TRAIN 1
COMMAND LEFT END
COMMAND RIGHT START
COMMAND RIGHT END
TURN 193 RESULT
TIME LEFT 0 5 RIGHT 0 5
TRAIN A68
MOVE A64 64
MOVE A65 61
MOVE A66 32
MOVE A67 17
DAMAGE TURRET A62 1
DAMAGE COMBAT B54 1
END TURN 193
TURN 194
COMMAND LEFT START
MOVE A68 94
COMMAND LEFT END
COMMAND RIGHT START
COMMAND RIGHT END
TURN 194 RESULT
TIME LEFT 0 5 RIGHT 0 5
MOVE A64 80
MOVE A65 71
MOVE A66 44
MOVE A67 27
MOVE A68 2
END TURN 194
TURN 195
COMMAND LEFT START
TRAIN 1
COMMAND LEFT END
COMMAND RIGHT START
COMMAND RIGHT END
TURN 195 RESULT
TIME LEFT 0 5 RIGHT 0 5
TRAIN A69
MOVE A64 88
MOVE A65 74
MOVE A66 61
MOVE A67 32
MOVE A68 6
END TURN 195
TURN 196
COMMAND LEFT START
MOVE A69 94
COMMAND LEFT END
COMMAND RIGHT START
COMMAND RIGHT END
TURN 196 RESULT
TIME LEFT 0 5 RIGHT 0 5
MOVE A64 92
MOVE A66 71
MOVE A67 44
MOVE A68 14
MOVE A69 2
END TURN 196
TURN 197
COMMAND LEFT START
TRAIN 1
COMMAND LEFT END
COMMAND RIGHT START
COMMAND RIGHT END
TURN 197 RESULT
TIME LEFT 0 5 RIGHT 0 5
TRAIN A70
MOVE A64 94
MOVE A66 74
MOVE A67 61
MOVE A68 30
MOVE A69 6
DAMAGE TURRET A64 2
DAMAGE COMBAT A64 2
DAMAGE COMBAT B54 1
END TURN 197
TURN 198
COMMAND LEFT START
MOVE A70 94
MOVE A63 94
MOVE A65 94
MOVE A66 94
COMMAND LEFT END
COMMAND RIGHT START
COMMAND RIGHT END
TURN 198 RESULT
TIME LEFT 15 5 RIGHT 15 5
MOVE A63 82
MOVE A65 82
MOVE A66 82
MOVE A67 71
MOVE A68 40
MOVE A69 14
MOVE A70 2
DAMAGE TURRET A64 1
DAMAGE COMBAT B54 1
END TURN 198
TURN 199
COMMAND LEFT START
TRAIN 1
COMMAND LEFT END
COMMAND RIGHT START
COMMAND RIGHT END
TURN 199 RESULT
TIME LEFT 0 5 RIGHT 0 5
TRAIN A71
MOVE A63 88
MOVE A65 88
MOVE A66 88
MOVE A67 74
MOVE A68 47
MOVE A69 30
MOVE A70 6
END TURN 199
TURN 200
COMMAND LEFT START
MOVE A71 74
MOVE A67 94
COMMAND LEFT END
COMMAND RIGHT START
COMMAND RIGHT END
TURN 200 RESULT
TIME LEFT 0 5 RIGHT 0 5
MOVE A63 92
MOVE A65 92
MOVE A66 92
MOVE A67 82
MOVE A68 54
MOVE A69 40
MOVE A70 14
MOVE A71 8
END TURN 200
RESULT LEFT_WIN TURN_LIMIT
